Archive member included to satisfy reference by file (symbol)

D:/MaximSDK/Libraries/PeriphDrivers/bin/MAX78000/softfp/libPeriphDriver_softfp.a(mxc_delay.o)
                              d:/MaximSDK/Examples/MAX78000/CNN/cats-dogs/build/main.o (MXC_Delay)
D:/MaximSDK/Libraries/PeriphDrivers/bin/MAX78000/softfp/libPeriphDriver_softfp.a(nvic_table.o)
                              d:/MaximSDK/Examples/MAX78000/CNN/cats-dogs/build/cnn.o (MXC_NVIC_SetVector)
D:/MaximSDK/Libraries/PeriphDrivers/bin/MAX78000/softfp/libPeriphDriver_softfp.a(pins_ai85.o)
                              d:/MaximSDK/Examples/MAX78000/CNN/cats-dogs/build/camera.o (gpio_cfg_pcif_xclk)
D:/MaximSDK/Libraries/PeriphDrivers/bin/MAX78000/softfp/libPeriphDriver_softfp.a(sys_ai85.o)
                              d:/MaximSDK/Examples/MAX78000/CNN/cats-dogs/build/cnn.o (MXC_SYS_ClockDisable)
D:/MaximSDK/Libraries/PeriphDrivers/bin/MAX78000/softfp/libPeriphDriver_softfp.a(aes_me17.o)
                              D:/MaximSDK/Libraries/PeriphDrivers/bin/MAX78000/softfp/libPeriphDriver_softfp.a(sys_ai85.o) (MXC_AES_Init)
D:/MaximSDK/Libraries/PeriphDrivers/bin/MAX78000/softfp/libPeriphDriver_softfp.a(aes_revb.o)
                              D:/MaximSDK/Libraries/PeriphDrivers/bin/MAX78000/softfp/libPeriphDriver_softfp.a(aes_me17.o) (MXC_AES_RevB_Init)
D:/MaximSDK/Libraries/PeriphDrivers/bin/MAX78000/softfp/libPeriphDriver_softfp.a(cameraif_ai85.o)
                              d:/MaximSDK/Examples/MAX78000/CNN/cats-dogs/build/camera.o (MXC_PCIF_Init)
D:/MaximSDK/Libraries/PeriphDrivers/bin/MAX78000/softfp/libPeriphDriver_softfp.a(cameraif_reva.o)
                              D:/MaximSDK/Libraries/PeriphDrivers/bin/MAX78000/softfp/libPeriphDriver_softfp.a(cameraif_ai85.o) (MXC_PCIF_RevA_SetDatawidth)
D:/MaximSDK/Libraries/PeriphDrivers/bin/MAX78000/softfp/libPeriphDriver_softfp.a(dma_me17.o)
                              d:/MaximSDK/Examples/MAX78000/CNN/cats-dogs/build/main.o (MXC_DMA_Init)
D:/MaximSDK/Libraries/PeriphDrivers/bin/MAX78000/softfp/libPeriphDriver_softfp.a(dma_reva.o)
                              D:/MaximSDK/Libraries/PeriphDrivers/bin/MAX78000/softfp/libPeriphDriver_softfp.a(dma_me17.o) (MXC_DMA_RevA_Init)
D:/MaximSDK/Libraries/PeriphDrivers/bin/MAX78000/softfp/libPeriphDriver_softfp.a(flc_me17.o)
                              D:/MaximSDK/Libraries/PeriphDrivers/bin/MAX78000/softfp/libPeriphDriver_softfp.a(sys_ai85.o) (MXC_FLC_UnlockInfoBlock)
D:/MaximSDK/Libraries/PeriphDrivers/bin/MAX78000/softfp/libPeriphDriver_softfp.a(flc_reva.o)
                              D:/MaximSDK/Libraries/PeriphDrivers/bin/MAX78000/softfp/libPeriphDriver_softfp.a(flc_me17.o) (MXC_FLC_RevA_Busy)
D:/MaximSDK/Libraries/PeriphDrivers/bin/MAX78000/softfp/libPeriphDriver_softfp.a(gpio_ai85.o)
                              d:/MaximSDK/Examples/MAX78000/CNN/cats-dogs/build/cnn.o (MXC_GPIO_Config)
D:/MaximSDK/Libraries/PeriphDrivers/bin/MAX78000/softfp/libPeriphDriver_softfp.a(gpio_reva.o)
                              D:/MaximSDK/Libraries/PeriphDrivers/bin/MAX78000/softfp/libPeriphDriver_softfp.a(gpio_ai85.o) (MXC_GPIO_RevA_InGet)
D:/MaximSDK/Libraries/PeriphDrivers/bin/MAX78000/softfp/libPeriphDriver_softfp.a(i2c_me17.o)
                              d:/MaximSDK/Examples/MAX78000/CNN/cats-dogs/build/max20303.o (MXC_I2C_Init)
D:/MaximSDK/Libraries/PeriphDrivers/bin/MAX78000/softfp/libPeriphDriver_softfp.a(i2c_reva.o)
                              D:/MaximSDK/Libraries/PeriphDrivers/bin/MAX78000/softfp/libPeriphDriver_softfp.a(i2c_me17.o) (MXC_I2C_RevA_DMACallback)
D:/MaximSDK/Libraries/PeriphDrivers/bin/MAX78000/softfp/libPeriphDriver_softfp.a(icc_me17.o)
                              d:/MaximSDK/Examples/MAX78000/CNN/cats-dogs/build/main.o (MXC_ICC_Enable)
D:/MaximSDK/Libraries/PeriphDrivers/bin/MAX78000/softfp/libPeriphDriver_softfp.a(icc_reva.o)
                              D:/MaximSDK/Libraries/PeriphDrivers/bin/MAX78000/softfp/libPeriphDriver_softfp.a(icc_me17.o) (MXC_ICC_RevA_ID)
D:/MaximSDK/Libraries/PeriphDrivers/bin/MAX78000/softfp/libPeriphDriver_softfp.a(pt_ai85.o)
                              d:/MaximSDK/Examples/MAX78000/CNN/cats-dogs/build/camera.o (MXC_PT_Init)
D:/MaximSDK/Libraries/PeriphDrivers/bin/MAX78000/softfp/libPeriphDriver_softfp.a(pt_reva.o)
                              D:/MaximSDK/Libraries/PeriphDrivers/bin/MAX78000/softfp/libPeriphDriver_softfp.a(pt_ai85.o) (MXC_PT_RevA_Init)
D:/MaximSDK/Libraries/PeriphDrivers/bin/MAX78000/softfp/libPeriphDriver_softfp.a(spi_me17.o)
                              d:/MaximSDK/Examples/MAX78000/CNN/cats-dogs/build/tft_ili9341.o (MXC_SPI_Init)
D:/MaximSDK/Libraries/PeriphDrivers/bin/MAX78000/softfp/libPeriphDriver_softfp.a(spi_reva1.o)
                              D:/MaximSDK/Libraries/PeriphDrivers/bin/MAX78000/softfp/libPeriphDriver_softfp.a(spi_me17.o) (MXC_SPI_RevA1_Init)
D:/MaximSDK/Libraries/PeriphDrivers/bin/MAX78000/softfp/libPeriphDriver_softfp.a(trng_revb.o)
[...]
Memory Configuration

Name             Origin             Length             Attributes
ROM              0x00000000         0x00010000         xr
FLASH            0x10000000         0x00080000         xr
SRAM             0x20000000         0x00020000         xrw
*default*        0x00000000         0xffffffff

Linker script and memory map

LOAD d:/maximsdk/tools/gnutools/10.3/bin/../lib/gcc/arm-none-eabi/10.3.1/thumb/v7e-m+fp/softfp/crti.o
LOAD d:/maximsdk/tools/gnutools/10.3/bin/../lib/gcc/arm-none-eabi/10.3.1/thumb/v7e-m+fp/softfp/crtbegin.o
LOAD d:/maximsdk/tools/gnutools/10.3/bin/../lib/gcc/arm-none-eabi/10.3.1/../../../../arm-none-eabi/lib/thumb/v7e-m+fp/softfp/crt0.o
LOAD d:/MaximSDK/Examples/MAX78000/CNN/cats-dogs/build/cnn.o
LOAD d:/MaximSDK/Examples/MAX78000/CNN/cats-dogs/build/main.o
LOAD d:/MaximSDK/Examples/MAX78000/CNN/cats-dogs/build/softmax.o
LOAD d:/MaximSDK/Examples/MAX78000/CNN/cats-dogs/build/board.o
LOAD d:/MaximSDK/Examples/MAX78000/CNN/cats-dogs/build/stdio.o
LOAD d:/MaximSDK/Examples/MAX78000/CNN/cats-dogs/build/led.o
LOAD d:/MaximSDK/Examples/MAX78000/CNN/cats-dogs/build/pb.o
LOAD d:/MaximSDK/Examples/MAX78000/CNN/cats-dogs/build/tft_ili9341.o
LOAD d:/MaximSDK/Examples/MAX78000/CNN/cats-dogs/build/camera.o
LOAD d:/MaximSDK/Examples/MAX78000/CNN/cats-dogs/build/ov7692.o
LOAD d:/MaximSDK/Examples/MAX78000/CNN/cats-dogs/build/sccb.o
LOAD d:/MaximSDK/Examples/MAX78000/CNN/cats-dogs/build/max20303.o
LOAD d:/MaximSDK/Examples/MAX78000/CNN/cats-dogs/build/max9867.o
LOAD d:/MaximSDK/Examples/MAX78000/CNN/cats-dogs/build/N01S830HA.o
LOAD d:/MaximSDK/Examples/MAX78000/CNN/cats-dogs/build/fastspi.o
LOAD d:/MaximSDK/Examples/MAX78000/CNN/cats-dogs/build/startup_max78000.o
LOAD d:/MaximSDK/Examples/MAX78000/CNN/cats-dogs/build/heap.o
LOAD d:/MaximSDK/Examples/MAX78000/CNN/cats-dogs/build/system_max78000.o
START GROUP
LOAD D:/MaximSDK/Libraries/PeriphDrivers/bin/MAX78000/softfp/libPeriphDriver_softfp.a
LOAD d:/maximsdk/tools/gnutools/10.3/bin/../lib/gcc/arm-none-eabi/10.3.1/../../../../arm-none-eabi/lib/thumb/v7e-m+fp/softfp\libc.a
LOAD d:/maximsdk/tools/gnutools/10.3/bin/../lib/gcc/arm-none-eabi/10.3.1/../../../../arm-none-eabi/lib/thumb/v7e-m+fp/softfp\libm.a
LOAD d:/maximsdk/tools/gnutools/10.3/bin/../lib/gcc/arm-none-eabi/10.3.1/../../../../arm-none-eabi/lib/thumb/v7e-m+fp/softfp\libnosys.a
END GROUP
START GROUP
LOAD d:/maximsdk/tools/gnutools/10.3/bin/../lib/gcc/arm-none-eabi/10.3.1/thumb/v7e-m+fp/softfp\libgcc.a
LOAD d:/maximsdk/tools/gnutools/10.3/bin/../lib/gcc/arm-none-eabi/10.3.1/../../../../arm-none-eabi/lib/thumb/v7e-m+fp/softfp\libc.a
END GROUP
LOAD d:/maximsdk/tools/gnutools/10.3/bin/../lib/gcc/arm-none-eabi/10.3.1/thumb/v7e-m+fp/softfp/crtend.o
LOAD d:/maximsdk/tools/gnutools/10.3/bin/../lib/gcc/arm-none-eabi/10.3.1/thumb/v7e-m+fp/softfp/crtn.o

.rom
 *(.rom_vector)
 *(.rom_handlers*)

.text           0x10000000    0x1cea0
                0x10000000                _text = .
 *(.isr_vector)
 .isr_vector    0x10000000      0x1e0 d:/MaximSDK/Examples/MAX78000/CNN/cats-dogs/build/startup_max78000.o
                0x10000000                __isr_vector
 EXCLUDE_FILE(*riscv.o) *(.text*)
 .text          0x100001e0       0x40 d:/maximsdk/tools/gnutools/10.3/bin/../lib/gcc/arm-none-eabi/10.3.1/thumb/v7e-m+fp/softfp/crtbegin.o
 .text.CNN_ISR  0x10000220       0x50 d:/MaximSDK/Examples/MAX78000/CNN/cats-dogs/build/cnn.o
                0x10000220                CNN_ISR
 .text.cnn_load_weights
                0x10000270       0x4c d:/MaximSDK/Examples/MAX78000/CNN/cats-dogs/build/cnn.o
                0x10000270                cnn_load_weights
 .text.cnn_load_bias
                0x100002bc       0x14 d:/MaximSDK/Examples/MAX78000/CNN/cats-dogs/build/cnn.o
                0x100002bc                cnn_load_bias
 .text.cnn_init
                0x100002d0       0x54 d:/MaximSDK/Examples/MAX78000/CNN/cats-dogs/build/cnn.o
                0x100002d0                cnn_init
 .text.cnn_configure
                0x10000324      0x7c0 d:/MaximSDK/Examples/MAX78000/CNN/cats-dogs/build/cnn.o
                0x10000324                cnn_configure
 .text.cnn_start
                0x10000ae4       0x50 d:/MaximSDK/Examples/MAX78000/CNN/cats-dogs/build/cnn.o
                0x10000ae4                cnn_start
 .text.cnn_unload
                0x10000b34       0x14 d:/MaximSDK/Examples/MAX78000/CNN/cats-dogs/build/cnn.o
                0x10000b34                cnn_unload
 .text.cnn_enable
                0x10000b48       0x3c d:/MaximSDK/Examples/MAX78000/CNN/cats-dogs/build/cnn.o
                0x10000b48                cnn_enable
 .text.cnn_disable
                0x10000b84       0x28 d:/MaximSDK/Examples/MAX78000/CNN/cats-dogs/build/cnn.o
                0x10000b84                cnn_disable
 .text.asciiart
                0x10000bac       0xbc d:/MaximSDK/Examples/MAX78000/CNN/cats-dogs/build/main.o
                0x10000bac                asciiart
 .text.capture_process_camera
                0x10000c68       0xe4 d:/MaximSDK/Examples/MAX78000/CNN/cats-dogs/build/main.o
                0x10000c68                capture_process_camera
 .text.startup.main
                0x10000d4c      0x1f8 d:/MaximSDK/Examples/MAX78000/CNN/cats-dogs/build/main.o
                0x10000d4c                main
 .text.softmax_q17p14_q15
                0x10000f44       0xa8 d:/MaximSDK/Examples/MAX78000/CNN/cats-dogs/build/softmax.o
                0x10000f44                softmax_q17p14_q15
 .text.mxc_assert
                0x10000fec       0x10 d:/MaximSDK/Examples/MAX78000/CNN/cats-dogs/build/board.o
                0x10000fec                mxc_assert
 .text.GPIO0_IRQHandler
                0x10000ffc        0x8 d:/MaximSDK/Examples/MAX78000/CNN/cats-dogs/build/board.o
                0x10000ffc                GPIO0_IRQHandler
 .text.GPIO1_IRQHandler
                0x10001004        0x8 d:/MaximSDK/Examples/MAX78000/CNN/cats-dogs/build/board.o
                0x10001004                GPIO1_IRQHandler
 .text.Board_Init
                0x1000100c       0x6c d:/MaximSDK/Examples/MAX78000/CNN/cats-dogs/build/board.o
                0x1000100c                Board_Init
 .text.NMI_Handler
                0x10001078        0x4 d:/MaximSDK/Examples/MAX78000/CNN/cats-dogs/build/board.o
                0x10001078                NMI_Handler
 .text.Camera_Power
                0x1000107c       0x1c d:/MaximSDK/Examples/MAX78000/CNN/cats-dogs/build/board.o
                0x1000107c                Camera_Power
 .text._close   0x10001098        0x8 d:/MaximSDK/Examples/MAX78000/CNN/cats-dogs/build/stdio.o
                0x10001098                _close
 .text._isatty  0x100010a0        0x8 d:/MaximSDK/Examples/MAX78000/CNN/cats-dogs/build/stdio.o
                0x100010a0                _isatty
 .text._lseek   0x100010a8        0x8 d:/MaximSDK/Examples/MAX78000/CNN/cats-dogs/build/stdio.o
                0x100010a8                _lseek
 .text._fstat   0x100010b0        0x8 d:/MaximSDK/Examples/MAX78000/CNN/cats-dogs/build/stdio.o
                0x100010b0                _fstat
 .text._read    0x100010b8       0x50 d:/MaximSDK/Examples/MAX78000/CNN/cats-dogs/build/stdio.o
                0x100010b8                _read
 .text._write   0x10001108       0x54 d:/MaximSDK/Examples/MAX78000/CNN/cats-dogs/build/stdio.o
                0x10001108                _write
 .text.LED_Init
                0x1000115c       0x40 d:/MaximSDK/Examples/MAX78000/CNN/cats-dogs/build/led.o
                0x1000115c                LED_Init
 .text.LED_On   0x1000119c       0x40 d:/MaximSDK/Examples/MAX78000/CNN/cats-dogs/build/led.o
                0x1000119c                LED_On
 .text.LED_Off  0x100011dc       0x40 d:/MaximSDK/Examples/MAX78000/CNN/cats-dogs/build/led.o
                0x100011dc                LED_Off
 .text.PB_Init  0x1000121c       0x38 d:/MaximSDK/Examples/MAX78000/CNN/cats-dogs/build/pb.o
                0x1000121c                PB_Init
 .text.PB_Get   0x10001254       0x44 d:/MaximSDK/Examples/MAX78000/CNN/cats-dogs/build/pb.o
                0x10001254                PB_Get
 .text.camera_irq_handler
                0x10001298      0x13c d:/MaximSDK/Examples/MAX78000/CNN/cats-dogs/build/camera.o
                0x10001298                camera_irq_handler
 .text.stream_callback
                0x100013d4       0xbc d:/MaximSDK/Examples/MAX78000/CNN/cats-dogs/build/camera.o
 .text.setup_dma
                0x10001490       0x94 d:/MaximSDK/Examples/MAX78000/CNN/cats-dogs/build/camera.o
 .text.stream_irq_handler
                0x10001524        0x4 d:/MaximSDK/Examples/MAX78000/CNN/cats-dogs/build/camera.o
                0x10001524                stream_irq_handler
 .text.camera_init
                0x10001528      0x12c d:/MaximSDK/Examples/MAX78000/CNN/cats-dogs/build/camera.o
                0x10001528                camera_init
 .text.camera_setup
                0x10001654      0x1d8 d:/MaximSDK/Examples/MAX78000/CNN/cats-dogs/build/camera.o
                0x10001654                camera_setup
 .text.camera_write_reg
                0x1000182c        0xc d:/MaximSDK/Examples/MAX78000/CNN/cats-dogs/build/camera.o
                0x1000182c                camera_write_reg
 .text.camera_start_capture_image
                0x10001838       0x3c d:/MaximSDK/Examples/MAX78000/CNN/cats-dogs/build/camera.o
                0x10001838                camera_start_capture_image
 .text.camera_is_image_rcv
                0x10001874       0x10 d:/MaximSDK/Examples/MAX78000/CNN/cats-dogs/build/camera.o
                0x10001874                camera_is_image_rcv
 .text.camera_get_image
                0x10001884       0x3c d:/MaximSDK/Examples/MAX78000/CNN/cats-dogs/build/camera.o
                0x10001884                camera_get_image
 .text.get_camera_stream_buffer
                0x100018c0        0xc d:/MaximSDK/Examples/MAX78000/CNN/cats-dogs/build/camera.o
                0x100018c0                get_camera_stream_buffer
 .text.release_camera_stream_buffer
                0x100018cc        0xc d:/MaximSDK/Examples/MAX78000/CNN/cats-dogs/build/camera.o
                0x100018cc                release_camera_stream_buffer
 .text.get_camera_stream_statistic
                0x100018d8        0x8 d:/MaximSDK/Examples/MAX78000/CNN/cats-dogs/build/camera.o
                0x100018d8                get_camera_stream_statistic
 .text.init     0x100018e0       0x10 d:/MaximSDK/Examples/MAX78000/CNN/cats-dogs/build/ov7692.o
 .text.get_slave_address
                0x100018f0        0xc d:/MaximSDK/Examples/MAX78000/CNN/cats-dogs/build/ov7692.o
 .text.get_pixformat
                0x100018fc       0x10 d:/MaximSDK/Examples/MAX78000/CNN/cats-dogs/build/ov7692.o
 .text.set_saturation
                0x1000190c        0x4 d:/MaximSDK/Examples/MAX78000/CNN/cats-dogs/build/ov7692.o
 .text.get_luminance
                0x10001910       0x60 d:/MaximSDK/Examples/MAX78000/CNN/cats-dogs/build/ov7692.o
 .text.read_reg
                0x10001970       0x20 d:/MaximSDK/Examples/MAX78000/CNN/cats-dogs/build/ov7692.o
 .text.get_manufacture_id
                0x10001990       0x3c d:/MaximSDK/Examples/MAX78000/CNN/cats-dogs/build/ov7692.o
 .text.get_product_id
                0x100019cc       0x3c d:/MaximSDK/Examples/MAX78000/CNN/cats-dogs/build/ov7692.o
 .text.set_negateimage
                0x10001a08       0x90 d:/MaximSDK/Examples/MAX78000/CNN/cats-dogs/build/ov7692.o
 .text.set_vflip
                0x10001a98       0x3c d:/MaximSDK/Examples/MAX78000/CNN/cats-dogs/build/ov7692.o
 .text.set_hmirror
                0x10001ad4       0x3c d:/MaximSDK/Examples/MAX78000/CNN/cats-dogs/build/ov7692.o
 .text.set_colorbar
                0x10001b10       0x3c d:/MaximSDK/Examples/MAX78000/CNN/cats-dogs/build/ov7692.o
 .text.set_gainceiling
                0x10001b4c       0xa0 d:/MaximSDK/Examples/MAX78000/CNN/cats-dogs/build/ov7692.o
 .text.set_brightness
                0x10001bec       0xa8 d:/MaximSDK/Examples/MAX78000/CNN/cats-dogs/build/ov7692.o
 .text.set_contrast
                0x10001c94       0xa0 d:/MaximSDK/Examples/MAX78000/CNN/cats-dogs/build/ov7692.o
 .text.set_windowing
                0x10001d34      0x120 d:/MaximSDK/Examples/MAX78000/CNN/cats-dogs/build/ov7692.o
 .text.set_framesize
                0x10001e54       0xcc d:/MaximSDK/Examples/MAX78000/CNN/cats-dogs/build/ov7692.o
 .text.set_pixformat
                0x10001f20       0x54 d:/MaximSDK/Examples/MAX78000/CNN/cats-dogs/build/ov7692.o
 .text.write_reg
                0x10001f74       0x18 d:/MaximSDK/Examples/MAX78000/CNN/cats-dogs/build/ov7692.o
 .text.sleep    0x10001f8c       0x3c d:/MaximSDK/Examples/MAX78000/CNN/cats-dogs/build/ov7692.o
 .text.reset    0x10001fc8       0x64 d:/MaximSDK/Examples/MAX78000/CNN/cats-dogs/build/ov7692.o
 .text.dump_registers
                0x1000202c       0xa8 d:/MaximSDK/Examples/MAX78000/CNN/cats-dogs/build/ov7692.o
 .text.sensor_register
                0x100020d4       0xbc d:/MaximSDK/Examples/MAX78000/CNN/cats-dogs/build/ov7692.o
                0x100020d4                sensor_register
 .text.send_byte
                0x10002190       0x68 d:/MaximSDK/Examples/MAX78000/CNN/cats-dogs/build/sccb.o
 .text.get_byte
                0x100021f8       0x50 d:/MaximSDK/Examples/MAX78000/CNN/cats-dogs/build/sccb.o
 .text.sccb_init
                0x10002248       0x30 d:/MaximSDK/Examples/MAX78000/CNN/cats-dogs/build/sccb.o
                0x10002248                sccb_init
 .text.sccb_read_byt
                0x10002278      0x11c d:/MaximSDK/Examples/MAX78000/CNN/cats-dogs/build/sccb.o
                0x10002278                sccb_read_byt
 .text.sccb_write_byt
                0x10002394       0xa4 d:/MaximSDK/Examples/MAX78000/CNN/cats-dogs/build/sccb.o
                0x10002394                sccb_write_byt
 .text.reg_read
                0x10002438       0x78 d:/MaximSDK/Examples/MAX78000/CNN/cats-dogs/build/max20303.o
 .text.reg_write
                0x100024b0       0x60 d:/MaximSDK/Examples/MAX78000/CNN/cats-dogs/build/max20303.o
 .text.reg_write_buf.constprop.0
                0x10002510       0x70 d:/MaximSDK/Examples/MAX78000/CNN/cats-dogs/build/max20303.o
 .text.max20303_camera_power
                0x10002580       0x68 d:/MaximSDK/Examples/MAX78000/CNN/cats-dogs/build/max20303.o
                0x10002580                max20303_camera_power
 .text.max20303_init
                0x100025e8       0x68 d:/MaximSDK/Examples/MAX78000/CNN/cats-dogs/build/max20303.o
                0x100025e8                max20303_init
 .text          0x10002650      0x148 d:/MaximSDK/Examples/MAX78000/CNN/cats-dogs/build/startup_max78000.o
                0x10002650                Reset_Handler
                0x1000268e                HardFault_Handler
                0x10002690                MemManage_Handler
                0x10002692                BusFault_Handler
                0x10002694                UsageFault_Handler
                0x10002696                SVC_Handler
                0x10002698                DebugMon_Handler
                0x1000269a                PendSV_Handler
                0x1000269c                SysTick_Handler
                0x1000269e                Default_Handler
                0x100026a0                PF_IRQHandler
                0x100026a2                WDT0_IRQHandler
                0x100026a4                RSV02_IRQHandler
                0x100026a6                RTC_IRQHandler
                0x100026a8                TRNG_IRQHandler
                0x100026aa                TMR0_IRQHandler
                0x100026ac                TMR1_IRQHandler
                0x100026ae                TMR2_IRQHandler
                0x100026b0                TMR3_IRQHandler
                0x100026b2                TMR4_IRQHandler
                0x100026b4                TMR5_IRQHandler
                0x100026b6                RSV11_IRQHandler
                0x100026b8                RSV12_IRQHandler
                0x100026ba                I2C0_IRQHandler
                0x100026bc                UART0_IRQHandler
                0x100026be                UART1_IRQHandler
                0x100026c0                SPI1_IRQHandler
                0x100026c2                RSV17_IRQHandler
                0x100026c4                RSV18_IRQHandler
                0x100026c6                RSV19_IRQHandler
                0x100026c8                ADC_IRQHandler
                0x100026ca                RSV21_IRQHandler
                0x100026cc                RSV22_IRQHandler
                0x100026ce                FLC0_IRQHandler
                0x100026d4                GPIO2_IRQHandler
                0x100026d6                RSV27_IRQHandler
                0x100026d8                DMA0_IRQHandler
                0x100026da                DMA1_IRQHandler
                0x100026dc                DMA2_IRQHandler
                0x100026de                DMA3_IRQHandler
                0x100026e0                RSV32_IRQHandler
                0x100026e2                RSV33_IRQHandler
                0x100026e4                UART2_IRQHandler
                0x100026e6                RSV35_IRQHandler
                0x100026e8                I2C1_IRQHandler
                0x100026ea                RSV37_IRQHandler
                0x100026ec                RSV38_IRQHandler
                0x100026ee                RSV39_IRQHandler
                0x100026f0                RSV40_IRQHandler
                0x100026f2                RSV41_IRQHandler
                0x100026f4                RSV42_IRQHandler
                0x100026f6                RSV43_IRQHandler
                0x100026f8                RSV44_IRQHandler
                0x100026fa                RSV45_IRQHandler
                0x100026fc                RSV46_IRQHandler
                0x100026fe                RSV47_IRQHandler
                0x10002700                RSV48_IRQHandler
                0x10002702                RSV49_IRQHandler
                0x10002704                RSV50_IRQHandler
                0x10002706                RSV51_IRQHandler
                0x10002708                RSV52_IRQHandler
                0x1000270a                WUT_IRQHandler
                0x1000270c                GPIOWAKE_IRQHandler
                0x1000270e                RSV55_IRQHandler
                0x10002710                SPI0_IRQHandler
                0x10002712                WDT1_IRQHandler
                0x10002714                RSV58_IRQHandler
                0x10002716                PT_IRQHandler
                0x10002718                RSV60_IRQHandler
                0x1000271a                RSV61_IRQHandler
                0x1000271c                I2C2_IRQHandler
                0x1000271e                RISCV_IRQHandler
                0x10002720                RSV64_IRQHandler
                0x10002722                RSV65_IRQHandler
                0x10002724                RSV66_IRQHandler
                0x10002726                OWM_IRQHandler
                0x10002728                RSV68_IRQHandler
                0x1000272a                RSV69_IRQHandler
                0x1000272c                RSV70_IRQHandler
                0x1000272e                RSV71_IRQHandler
                0x10002730                RSV72_IRQHandler
                0x10002732                RSV73_IRQHandler
                0x10002734                RSV74_IRQHandler
                0x10002736                RSV75_IRQHandler
                0x10002738                RSV76_IRQHandler
                0x1000273a                RSV77_IRQHandler
                0x1000273c                RSV78_IRQHandler
                0x1000273e                RSV79_IRQHandler
                0x10002740                RSV80_IRQHandler
                0x10002742                RSV81_IRQHandler
                0x10002744                ECC_IRQHandler
                0x10002746                DVS_IRQHandler
                0x10002748                SIMO_IRQHandler
                0x1000274a                RSV85_IRQHandler
                0x1000274c                RSV86_IRQHandler
                0x1000274e                RSV87_IRQHandler
                0x10002750                UART3_IRQHandler
                0x10002752                RSV89_IRQHandler
                0x10002754                RSV90_IRQHandler
                0x10002756                PCIF_IRQHandler
                0x10002758                RSV92_IRQHandler
                0x1000275a                RSV93_IRQHandler
                0x1000275c                RSV94_IRQHandler
                0x1000275e                RSV95_IRQHandler
                0x10002760                RSV96_IRQHandler
                0x10002762                AES_IRQHandler
                0x10002764                RSV98_IRQHandler
                0x10002766                I2S_IRQHandler
                0x10002768                CNN_FIFO_IRQHandler
                0x1000276a                CNN_IRQHandler
                0x1000276c                RSV102_IRQHandler
                0x1000276e                LPCMP_IRQHandler
 .text._sbrk    0x10002798       0x3c d:/MaximSDK/Examples/MAX78000/CNN/cats-dogs/build/heap.o
                0x10002798                _sbrk
 .text._getpid  0x100027d4        0x8 d:/MaximSDK/Examples/MAX78000/CNN/cats-dogs/build/system_max78000.o
                0x100027d4                _getpid
 .text._kill    0x100027dc        0x8 d:/MaximSDK/Examples/MAX78000/CNN/cats-dogs/build/system_max78000.o
                0x100027dc                _kill
 .text.SystemCoreClockUpdate
                0x100027e4       0x68 d:/MaximSDK/Examples/MAX78000/CNN/cats-dogs/build/system_max78000.o
                0x100027e4                SystemCoreClockUpdate
 .text.PreInit  0x1000284c        0x4 d:/MaximSDK/Examples/MAX78000/CNN/cats-dogs/build/system_max78000.o
                0x1000284c                PreInit
 .text.SystemInit
                0x10002850       0x38 d:/MaximSDK/Examples/MAX78000/CNN/cats-dogs/build/system_max78000.o
                0x10002850                SystemInit
 .text.MXC_DelayInit
                0x10002888       0x7c D:/MaximSDK/Libraries/PeriphDrivers/bin/MAX78000/softfp/libPeriphDriver_softfp.a(mxc_delay.o)
 .text.MXC_DelayAsync
                0x10002904       0x3c D:/MaximSDK/Libraries/PeriphDrivers/bin/MAX78000/softfp/libPeriphDriver_softfp.a(mxc_delay.o)
                0x10002904                MXC_DelayAsync
 .text.MXC_DelayCheck
                0x10002940       0x70 D:/MaximSDK/Libraries/PeriphDrivers/bin/MAX78000/softfp/libPeriphDriver_softfp.a(mxc_delay.o)
                0x10002940                MXC_DelayCheck
 .text.MXC_DelayAbort
                0x100029b0       0x34 D:/MaximSDK/Libraries/PeriphDrivers/bin/MAX78000/softfp/libPeriphDriver_softfp.a(mxc_delay.o)
                0x100029b0                MXC_DelayAbort
 .text.MXC_Delay
                0x100029e4       0x74 D:/MaximSDK/Libraries/PeriphDrivers/bin/MAX78000/softfp/libPeriphDriver_softfp.a(mxc_delay.o)
                0x100029e4                MXC_Delay
 .text.MXC_NVIC_SetVector
                0x10002a58       0x50 D:/MaximSDK/Libraries/PeriphDrivers/bin/MAX78000/softfp/libPeriphDriver_softfp.a(nvic_table.o)
                0x10002a58                MXC_NVIC_SetVector
 .text.MXC_SYS_IsClockEnabled
                0x10002aa8       0x44 D:/MaximSDK/Libraries/PeriphDrivers/bin/MAX78000/softfp/libPeriphDriver_softfp.a(sys_ai85.o)
                0x10002aa8                MXC_SYS_IsClockEnabled
 .text.MXC_SYS_ClockDisable
                0x10002aec       0x44 D:/MaximSDK/Libraries/PeriphDrivers/bin/MAX78000/softfp/libPeriphDriver_softfp.a(sys_ai85.o)
                0x10002aec                MXC_SYS_ClockDisable
 .text.MXC_SYS_ClockEnable
                0x10002b30       0x4c D:/MaximSDK/Libraries/PeriphDrivers/bin/MAX78000/softfp/libPeriphDriver_softfp.a(sys_ai85.o)
                0x10002b30                MXC_SYS_ClockEnable
 .text.MXC_SYS_ClockSourceEnable
                0x10002b7c       0xf4 D:/MaximSDK/Libraries/PeriphDrivers/bin/MAX78000/softfp/libPeriphDriver_softfp.a(sys_ai85.o)
                0x10002b7c                MXC_SYS_ClockSourceEnable
 .text.MXC_SYS_Clock_Select
                0x10002c70      0x194 D:/MaximSDK/Libraries/PeriphDrivers/bin/MAX78000/softfp/libPeriphDriver_softfp.a(sys_ai85.o)
                0x10002c70                MXC_SYS_Clock_Select
 .text.MXC_SYS_Reset_Periph
                0x10002e04       0x50 D:/MaximSDK/Libraries/PeriphDrivers/bin/MAX78000/softfp/libPeriphDriver_softfp.a(sys_ai85.o)
                0x10002e04                MXC_SYS_Reset_Periph
 .text.MXC_PCIF_Init
                0x10002e54       0x6c D:/MaximSDK/Libraries/PeriphDrivers/bin/MAX78000/softfp/libPeriphDriver_softfp.a(cameraif_ai85.o)
                0x10002e54                MXC_PCIF_Init
 .text.MXC_PCIF_SetDataWidth
                0x10002ec0        0xc D:/MaximSDK/Libraries/PeriphDrivers/bin/MAX78000/softfp/libPeriphDriver_softfp.a(cameraif_ai85.o)
                0x10002ec0                MXC_PCIF_SetDataWidth
 .text.MXC_PCIF_SetTimingSel
                0x10002ecc        0xc D:/MaximSDK/Libraries/PeriphDrivers/bin/MAX78000/softfp/libPeriphDriver_softfp.a(cameraif_ai85.o)
                0x10002ecc                MXC_PCIF_SetTimingSel
 .text.MXC_PCIF_SetThreshold
                0x10002ed8        0xc D:/MaximSDK/Libraries/PeriphDrivers/bin/MAX78000/softfp/libPeriphDriver_softfp.a(cameraif_ai85.o)
                0x10002ed8                MXC_PCIF_SetThreshold
 .text.MXC_PCIF_EnableInt
                0x10002ee4        0xc D:/MaximSDK/Libraries/PeriphDrivers/bin/MAX78000/softfp/libPeriphDriver_softfp.a(cameraif_ai85.o)
                0x10002ee4                MXC_PCIF_EnableInt
 .text.MXC_PCIF_DisableInt
                0x10002ef0        0xc D:/MaximSDK/Libraries/PeriphDrivers/bin/MAX78000/softfp/libPeriphDriver_softfp.a(cameraif_ai85.o)
                0x10002ef0                MXC_PCIF_DisableInt
 .text.MXC_PCIF_Start
                0x10002efc        0xc D:/MaximSDK/Libraries/PeriphDrivers/bin/MAX78000/softfp/libPeriphDriver_softfp.a(cameraif_ai85.o)
                0x10002efc                MXC_PCIF_Start
 .text.MXC_PCIF_RevA_SetDatawidth
                0x10002f08       0x14 D:/MaximSDK/Libraries/PeriphDrivers/bin/MAX78000/softfp/libPeriphDriver_softfp.a(cameraif_reva.o)
                0x10002f08                MXC_PCIF_RevA_SetDatawidth
 .text.MXC_PCIF_RevA_SetTimingSel
                0x10002f1c       0x14 D:/MaximSDK/Libraries/PeriphDrivers/bin/MAX78000/softfp/libPeriphDriver_softfp.a(cameraif_reva.o)
                0x10002f1c                MXC_PCIF_RevA_SetTimingSel
 .text.MXC_PCIF_RevA_SetThreshold
                0x10002f30       0x18 D:/MaximSDK/Libraries/PeriphDrivers/bin/MAX78000/softfp/libPeriphDriver_softfp.a(cameraif_reva.o)
                0x10002f30                MXC_PCIF_RevA_SetThreshold
 .text.MXC_PCIF_RevA_EnableInt
                0x10002f48        0xc D:/MaximSDK/Libraries/PeriphDrivers/bin/MAX78000/softfp/libPeriphDriver_softfp.a(cameraif_reva.o)
                0x10002f48                MXC_PCIF_RevA_EnableInt
 .text.MXC_PCIF_RevA_DisableInt
                0x10002f54       0x10 D:/MaximSDK/Libraries/PeriphDrivers/bin/MAX78000/softfp/libPeriphDriver_softfp.a(cameraif_reva.o)
                0x10002f54                MXC_PCIF_RevA_DisableInt
 .text.MXC_PCIF_RevA_Start
                0x10002f64       0x14 D:/MaximSDK/Libraries/PeriphDrivers/bin/MAX78000/softfp/libPeriphDriver_softfp.a(cameraif_reva.o)
                0x10002f64                MXC_PCIF_RevA_Start
 .text.MXC_DMA_Init
                0x10002f78       0x30 D:/MaximSDK/Libraries/PeriphDrivers/bin/MAX78000/softfp/libPeriphDriver_softfp.a(dma_me17.o)
                0x10002f78                MXC_DMA_Init
 .text.MXC_DMA_DeInit
                0x10002fa8        0xc D:/MaximSDK/Libraries/PeriphDrivers/bin/MAX78000/softfp/libPeriphDriver_softfp.a(dma_me17.o)
                0x10002fa8                MXC_DMA_DeInit
 .text.MXC_DMA_AcquireChannel
                0x10002fb4        0xc D:/MaximSDK/Libraries/PeriphDrivers/bin/MAX78000/softfp/libPeriphDriver_softfp.a(dma_me17.o)
                0x10002fb4                MXC_DMA_AcquireChannel
 .text.MXC_DMA_ReleaseChannel
                0x10002fc0        0x4 D:/MaximSDK/Libraries/PeriphDrivers/bin/MAX78000/softfp/libPeriphDriver_softfp.a(dma_me17.o)
                0x10002fc0                MXC_DMA_ReleaseChannel
 .text.MXC_DMA_SetCallback
                0x10002fc4        0x4 D:/MaximSDK/Libraries/PeriphDrivers/bin/MAX78000/softfp/libPeriphDriver_softfp.a(dma_me17.o)
                0x10002fc4                MXC_DMA_SetCallback
 .text.MXC_DMA_ChannelClearFlags
                0x10002fc8        0x4 D:/MaximSDK/Libraries/PeriphDrivers/bin/MAX78000/softfp/libPeriphDriver_softfp.a(dma_me17.o)
                0x10002fc8                MXC_DMA_ChannelClearFlags
 .text.MXC_DMA_Handler
                0x10002fcc        0xc D:/MaximSDK/Libraries/PeriphDrivers/bin/MAX78000/softfp/libPeriphDriver_softfp.a(dma_me17.o)
                0x10002fcc                MXC_DMA_Handler
 .text.MXC_DMA_RevA_Init
                0x10002fd8       0xac D:/MaximSDK/Libraries/PeriphDrivers/bin/MAX78000/softfp/libPeriphDriver_softfp.a(dma_reva.o)
                0x10002fd8                MXC_DMA_RevA_Init
 .text.MXC_DMA_RevA_DeInit
                0x10003084       0x3c D:/MaximSDK/Libraries/PeriphDrivers/bin/MAX78000/softfp/libPeriphDriver_softfp.a(dma_reva.o)
                0x10003084                MXC_DMA_RevA_DeInit
 .text.MXC_DMA_RevA_AcquireChannel
                0x100030c0       0x88 D:/MaximSDK/Libraries/PeriphDrivers/bin/MAX78000/softfp/libPeriphDriver_softfp.a(dma_reva.o)
                0x100030c0                MXC_DMA_RevA_AcquireChannel
 .text.MXC_DMA_RevA_ReleaseChannel
                0x10003148       0x48 D:/MaximSDK/Libraries/PeriphDrivers/bin/MAX78000/softfp/libPeriphDriver_softfp.a(dma_reva.o)
                0x10003148                MXC_DMA_RevA_ReleaseChannel
 .text.MXC_DMA_RevA_SetCallback
                0x10003190       0x24 D:/MaximSDK/Libraries/PeriphDrivers/bin/MAX78000/softfp/libPeriphDriver_softfp.a(dma_reva.o)
                0x10003190                MXC_DMA_RevA_SetCallback
 .text.MXC_DMA_RevA_ChannelClearFlags
                0x100031b4       0x2c D:/MaximSDK/Libraries/PeriphDrivers/bin/MAX78000/softfp/libPeriphDriver_softfp.a(dma_reva.o)
                0x100031b4                MXC_DMA_RevA_ChannelClearFlags
 .text.MXC_DMA_RevA_Handler
                0x100031e0       0x84 D:/MaximSDK/Libraries/PeriphDrivers/bin/MAX78000/softfp/libPeriphDriver_softfp.a(dma_reva.o)
                0x100031e0                MXC_DMA_RevA_Handler
 .text.MXC_GPIO_Init
                0x10003264       0x40 D:/MaximSDK/Libraries/PeriphDrivers/bin/MAX78000/softfp/libPeriphDriver_softfp.a(gpio_ai85.o)
                0x10003264                MXC_GPIO_Init
 .text.MXC_GPIO_Config
                0x100032a4      0x218 D:/MaximSDK/Libraries/PeriphDrivers/bin/MAX78000/softfp/libPeriphDriver_softfp.a(gpio_ai85.o)
                0x100032a4                MXC_GPIO_Config
 .text.MXC_GPIO_InGet
                0x100034bc       0x34 D:/MaximSDK/Libraries/PeriphDrivers/bin/MAX78000/softfp/libPeriphDriver_softfp.a(gpio_ai85.o)
                0x100034bc                MXC_GPIO_InGet
 .text.MXC_GPIO_OutSet
                0x100034f0       0x30 D:/MaximSDK/Libraries/PeriphDrivers/bin/MAX78000/softfp/libPeriphDriver_softfp.a(gpio_ai85.o)
                0x100034f0                MXC_GPIO_OutSet
 .text.MXC_GPIO_OutClr
                0x10003520       0x34 D:/MaximSDK/Libraries/PeriphDrivers/bin/MAX78000/softfp/libPeriphDriver_softfp.a(gpio_ai85.o)
                0x10003520                MXC_GPIO_OutClr
 .text.MXC_GPIO_Handler
                0x10003554        0x4 D:/MaximSDK/Libraries/PeriphDrivers/bin/MAX78000/softfp/libPeriphDriver_softfp.a(gpio_ai85.o)
                0x10003554                MXC_GPIO_Handler
 .text.MXC_GPIO_ClearFlags
                0x10003558       0x18 D:/MaximSDK/Libraries/PeriphDrivers/bin/MAX78000/softfp/libPeriphDriver_softfp.a(gpio_ai85.o)
                0x10003558                MXC_GPIO_ClearFlags
 .text.MXC_GPIO_GetFlags
                0x10003570       0x18 D:/MaximSDK/Libraries/PeriphDrivers/bin/MAX78000/softfp/libPeriphDriver_softfp.a(gpio_ai85.o)
                0x10003570                MXC_GPIO_GetFlags
 .text.MXC_GPIO_SetVSSEL
                0x10003588       0x24 D:/MaximSDK/Libraries/PeriphDrivers/bin/MAX78000/softfp/libPeriphDriver_softfp.a(gpio_ai85.o)
                0x10003588                MXC_GPIO_SetVSSEL
 .text.MXC_GPIO_RevA_InGet
                0x100035ac        0x8 D:/MaximSDK/Libraries/PeriphDrivers/bin/MAX78000/softfp/libPeriphDriver_softfp.a(gpio_reva.o)
                0x100035ac                MXC_GPIO_RevA_InGet
 .text.MXC_GPIO_RevA_OutSet
                0x100035b4        0x4 D:/MaximSDK/Libraries/PeriphDrivers/bin/MAX78000/softfp/libPeriphDriver_softfp.a(gpio_reva.o)
                0x100035b4                MXC_GPIO_RevA_OutSet
 .text.MXC_GPIO_RevA_OutClr
                0x100035b8        0x4 D:/MaximSDK/Libraries/PeriphDrivers/bin/MAX78000/softfp/libPeriphDriver_softfp.a(gpio_reva.o)
                0x100035b8                MXC_GPIO_RevA_OutClr
 .text.MXC_GPIO_RevA_ClearFlags
                0x100035bc        0x4 D:/MaximSDK/Libraries/PeriphDrivers/bin/MAX78000/softfp/libPeriphDriver_softfp.a(gpio_reva.o)
                0x100035bc                MXC_GPIO_RevA_ClearFlags
 .text.MXC_GPIO_RevA_GetFlags
                0x100035c0        0x4 D:/MaximSDK/Libraries/PeriphDrivers/bin/MAX78000/softfp/libPeriphDriver_softfp.a(gpio_reva.o)
                0x100035c0                MXC_GPIO_RevA_GetFlags
 .text.MXC_GPIO_RevA_SetVSSEL
                0x100035c4       0x30 D:/MaximSDK/Libraries/PeriphDrivers/bin/MAX78000/softfp/libPeriphDriver_softfp.a(gpio_reva.o)
                0x100035c4                MXC_GPIO_RevA_SetVSSEL
 .text.MXC_GPIO_RevA_SetAF
                0x100035f4       0x6c D:/MaximSDK/Libraries/PeriphDrivers/bin/MAX78000/softfp/libPeriphDriver_softfp.a(gpio_reva.o)
                0x100035f4                MXC_GPIO_RevA_SetAF
 .text.MXC_GPIO_RevA_SetDriveStrength
                0x10003660       0x74 D:/MaximSDK/Libraries/PeriphDrivers/bin/MAX78000/softfp/libPeriphDriver_softfp.a(gpio_reva.o)
                0x10003660                MXC_GPIO_RevA_SetDriveStrength
 .text.MXC_I2C_SetSlaveAddr
                0x100036d4        0xc D:/MaximSDK/Libraries/PeriphDrivers/bin/MAX78000/softfp/libPeriphDriver_softfp.a(i2c_me17.o)
                0x100036d4                MXC_I2C_SetSlaveAddr
 .text.MXC_I2C_Shutdown
                0x100036e0       0x6c D:/MaximSDK/Libraries/PeriphDrivers/bin/MAX78000/softfp/libPeriphDriver_softfp.a(i2c_me17.o)
                0x100036e0                MXC_I2C_Shutdown
 .text.MXC_I2C_Init
                0x1000374c       0x94 D:/MaximSDK/Libraries/PeriphDrivers/bin/MAX78000/softfp/libPeriphDriver_softfp.a(i2c_me17.o)
                0x1000374c                MXC_I2C_Init
 .text.MXC_I2C_SetFrequency
                0x100037e0        0x4 D:/MaximSDK/Libraries/PeriphDrivers/bin/MAX78000/softfp/libPeriphDriver_softfp.a(i2c_me17.o)
                0x100037e0                MXC_I2C_SetFrequency
 .text.MXC_I2C_GetFrequency
                0x100037e4        0x4 D:/MaximSDK/Libraries/PeriphDrivers/bin/MAX78000/softfp/libPeriphDriver_softfp.a(i2c_me17.o)
                0x100037e4                MXC_I2C_GetFrequency
 .text.MXC_I2C_ClearRXFIFO
                0x100037e8        0x4 D:/MaximSDK/Libraries/PeriphDrivers/bin/MAX78000/softfp/libPeriphDriver_softfp.a(i2c_me17.o)
                0x100037e8                MXC_I2C_ClearRXFIFO
 .text.MXC_I2C_ClearTXFIFO
                0x100037ec        0x4 D:/MaximSDK/Libraries/PeriphDrivers/bin/MAX78000/softfp/libPeriphDriver_softfp.a(i2c_me17.o)
                0x100037ec                MXC_I2C_ClearTXFIFO
 .text.MXC_I2C_Recover
                0x100037f0        0x4 D:/MaximSDK/Libraries/PeriphDrivers/bin/MAX78000/softfp/libPeriphDriver_softfp.a(i2c_me17.o)
                0x100037f0                MXC_I2C_Recover
 .text.MXC_I2C_SetRXThreshold
                0x100037f4        0x4 D:/MaximSDK/Libraries/PeriphDrivers/bin/MAX78000/softfp/libPeriphDriver_softfp.a(i2c_me17.o)
                0x100037f4                MXC_I2C_SetRXThreshold
 .text.MXC_I2C_SetTXThreshold
                0x100037f8        0x4 D:/MaximSDK/Libraries/PeriphDrivers/bin/MAX78000/softfp/libPeriphDriver_softfp.a(i2c_me17.o)
                0x100037f8                MXC_I2C_SetTXThreshold
 .text.MXC_I2C_RevA_Init
                0x100037fc      0x104 D:/MaximSDK/Libraries/PeriphDrivers/bin/MAX78000/softfp/libPeriphDriver_softfp.a(i2c_reva.o)
                0x100037fc                MXC_I2C_RevA_Init
 .text.MXC_I2C_RevA_SetSlaveAddr
                0x10003900       0x3c D:/MaximSDK/Libraries/PeriphDrivers/bin/MAX78000/softfp/libPeriphDriver_softfp.a(i2c_reva.o)
                0x10003900                MXC_I2C_RevA_SetSlaveAddr
 .text.MXC_I2C_RevA_Shutdown
                0x1000393c       0xac D:/MaximSDK/Libraries/PeriphDrivers/bin/MAX78000/softfp/libPeriphDriver_softfp.a(i2c_reva.o)
                0x1000393c                MXC_I2C_RevA_Shutdown
 .text.MXC_I2C_RevA_SetFrequency
                0x100039e8       0xc0 D:/MaximSDK/Libraries/PeriphDrivers/bin/MAX78000/softfp/libPeriphDriver_softfp.a(i2c_reva.o)
                0x100039e8                MXC_I2C_RevA_SetFrequency
 .text.MXC_I2C_RevA_GetFrequency
                0x10003aa8       0x38 D:/MaximSDK/Libraries/PeriphDrivers/bin/MAX78000/softfp/libPeriphDriver_softfp.a(i2c_reva.o)
                0x10003aa8                MXC_I2C_RevA_GetFrequency
 .text.MXC_I2C_RevA_ClearRXFIFO
                0x10003ae0       0x10 D:/MaximSDK/Libraries/PeriphDrivers/bin/MAX78000/softfp/libPeriphDriver_softfp.a(i2c_reva.o)
                0x10003ae0                MXC_I2C_RevA_ClearRXFIFO
 .text.MXC_I2C_RevA_ClearTXFIFO
                0x10003af0       0x10 D:/MaximSDK/Libraries/PeriphDrivers/bin/MAX78000/softfp/libPeriphDriver_softfp.a(i2c_reva.o)
                0x10003af0                MXC_I2C_RevA_ClearTXFIFO
 .text.MXC_I2C_RevA_Recover
                0x10003b00       0xd8 D:/MaximSDK/Libraries/PeriphDrivers/bin/MAX78000/softfp/libPeriphDriver_softfp.a(i2c_reva.o)
                0x10003b00                MXC_I2C_RevA_Recover
 .text.MXC_I2C_RevA_SetRXThreshold
                0x10003bd8       0x20 D:/MaximSDK/Libraries/PeriphDrivers/bin/MAX78000/softfp/libPeriphDriver_softfp.a(i2c_reva.o)
                0x10003bd8                MXC_I2C_RevA_SetRXThreshold
 .text.MXC_I2C_RevA_SetTXThreshold
                0x10003bf8       0x24 D:/MaximSDK/Libraries/PeriphDrivers/bin/MAX78000/softfp/libPeriphDriver_softfp.a(i2c_reva.o)
                0x10003bf8                MXC_I2C_RevA_SetTXThreshold
 .text.MXC_ICC_Enable
                0x10003c1c        0x4 D:/MaximSDK/Libraries/PeriphDrivers/bin/MAX78000/softfp/libPeriphDriver_softfp.a(icc_me17.o)
                0x10003c1c                MXC_ICC_Enable
 .text.MXC_ICC_RevA_Enable
                0x10003c20       0x30 D:/MaximSDK/Libraries/PeriphDrivers/bin/MAX78000/softfp/libPeriphDriver_softfp.a(icc_reva.o)
                0x10003c20                MXC_ICC_RevA_Enable
 .text.MXC_PT_Init
                0x10003c50      0x128 D:/MaximSDK/Libraries/PeriphDrivers/bin/MAX78000/softfp/libPeriphDriver_softfp.a(pt_ai85.o)
                0x10003c50                MXC_PT_Init
 .text.MXC_PT_Config
                0x10003d78       0x5c D:/MaximSDK/Libraries/PeriphDrivers/bin/MAX78000/softfp/libPeriphDriver_softfp.a(pt_ai85.o)
                0x10003d78                MXC_PT_Config
 .text.MXC_PT_SqrWaveConfig
                0x10003dd4       0x20 D:/MaximSDK/Libraries/PeriphDrivers/bin/MAX78000/softfp/libPeriphDriver_softfp.a(pt_ai85.o)
                0x10003dd4                MXC_PT_SqrWaveConfig
 .text.MXC_PT_Start
                0x10003df4        0xc D:/MaximSDK/Libraries/PeriphDrivers/bin/MAX78000/softfp/libPeriphDriver_softfp.a(pt_ai85.o)
                0x10003df4                MXC_PT_Start
 .text.MXC_PT_IsActive
                0x10003e00        0xc D:/MaximSDK/Libraries/PeriphDrivers/bin/MAX78000/softfp/libPeriphDriver_softfp.a(pt_ai85.o)
                0x10003e00                MXC_PT_IsActive
 .text.MXC_PT_RevA_Init
                0x10003e0c       0x10 D:/MaximSDK/Libraries/PeriphDrivers/bin/MAX78000/softfp/libPeriphDriver_softfp.a(pt_reva.o)
                0x10003e0c                MXC_PT_RevA_Init
 .text.MXC_PT_RevA_Config
                0x10003e1c       0xc4 D:/MaximSDK/Libraries/PeriphDrivers/bin/MAX78000/softfp/libPeriphDriver_softfp.a(pt_reva.o)
                0x10003e1c                MXC_PT_RevA_Config
 .text.MXC_PT_RevA_SqrWaveConfig
                0x10003ee0       0x18 D:/MaximSDK/Libraries/PeriphDrivers/bin/MAX78000/softfp/libPeriphDriver_softfp.a(pt_reva.o)
                0x10003ee0                MXC_PT_RevA_SqrWaveConfig
 .text.MXC_PT_RevA_Start
                0x10003ef8       0x10 D:/MaximSDK/Libraries/PeriphDrivers/bin/MAX78000/softfp/libPeriphDriver_softfp.a(pt_reva.o)
                0x10003ef8                MXC_PT_RevA_Start
 .text.MXC_PT_RevA_IsActive
                0x10003f08        0xc D:/MaximSDK/Libraries/PeriphDrivers/bin/MAX78000/softfp/libPeriphDriver_softfp.a(pt_reva.o)
                0x10003f08                MXC_PT_RevA_IsActive
 .text.MXC_TMR_Init
                0x10003f14      0x314 D:/MaximSDK/Libraries/PeriphDrivers/bin/MAX78000/softfp/libPeriphDriver_softfp.a(tmr_ai85.o)
                0x10003f14                MXC_TMR_Init
 .text.MXC_TMR_Start
                0x10004228        0x4 D:/MaximSDK/Libraries/PeriphDrivers/bin/MAX78000/softfp/libPeriphDriver_softfp.a(tmr_ai85.o)
                0x10004228                MXC_TMR_Start
 .text.MXC_TMR_Stop
                0x1000422c        0x4 D:/MaximSDK/Libraries/PeriphDrivers/bin/MAX78000/softfp/libPeriphDriver_softfp.a(tmr_ai85.o)
                0x1000422c                MXC_TMR_Stop
 .text.MXC_TMR_ClearFlags
                0x10004230        0x4 D:/MaximSDK/Libraries/PeriphDrivers/bin/MAX78000/softfp/libPeriphDriver_softfp.a(tmr_ai85.o)
                0x10004230                MXC_TMR_ClearFlags
 .text.MXC_TMR_SetCount
                0x10004234        0x4 D:/MaximSDK/Libraries/PeriphDrivers/bin/MAX78000/softfp/libPeriphDriver_softfp.a(tmr_ai85.o)
                0x10004234                MXC_TMR_SetCount
 .text.MXC_TMR_TO_Start
                0x10004238        0x4 D:/MaximSDK/Libraries/PeriphDrivers/bin/MAX78000/softfp/libPeriphDriver_softfp.a(tmr_ai85.o)
                0x10004238                MXC_TMR_TO_Start
 .text.MXC_TMR_TO_Stop
                0x1000423c        0x4 D:/MaximSDK/Libraries/PeriphDrivers/bin/MAX78000/softfp/libPeriphDriver_softfp.a(tmr_ai85.o)
                0x1000423c                MXC_TMR_TO_Stop
 .text.MXC_TMR_TO_Elapsed
                0x10004240        0x4 D:/MaximSDK/Libraries/PeriphDrivers/bin/MAX78000/softfp/libPeriphDriver_softfp.a(tmr_ai85.o)
                0x10004240                MXC_TMR_TO_Elapsed
 .text.MXC_TMR_SW_Start
                0x10004244        0x4 D:/MaximSDK/Libraries/PeriphDrivers/bin/MAX78000/softfp/libPeriphDriver_softfp.a(tmr_ai85.o)
                0x10004244                MXC_TMR_SW_Start
 .text.MXC_TMR_SW_Stop
                0x10004248        0x4 D:/MaximSDK/Libraries/PeriphDrivers/bin/MAX78000/softfp/libPeriphDriver_softfp.a(tmr_ai85.o)
                0x10004248                MXC_TMR_SW_Stop
 .text.MXC_TMR_GetTime
                0x1000424c        0x4 D:/MaximSDK/Libraries/PeriphDrivers/bin/MAX78000/softfp/libPeriphDriver_softfp.a(tmr_ai85.o)
                0x1000424c                MXC_TMR_GetTime
 .text.MXC_TMR_RevB_SetClockSourceFreq
                0x10004250       0x7c D:/MaximSDK/Libraries/PeriphDrivers/bin/MAX78000/softfp/libPeriphDriver_softfp.a(tmr_revb.o)
                0x10004250                MXC_TMR_RevB_SetClockSourceFreq
 .text.MXC_TMR_RevB_GetClockSourceFreq
                0x100042cc       0x80 D:/MaximSDK/Libraries/PeriphDrivers/bin/MAX78000/softfp/libPeriphDriver_softfp.a(tmr_revb.o)
                0x100042cc                MXC_TMR_RevB_GetClockSourceFreq
 .text.MXC_TMR_RevB_ConfigGeneric
                0x1000434c       0xe8 D:/MaximSDK/Libraries/PeriphDrivers/bin/MAX78000/softfp/libPeriphDriver_softfp.a(tmr_revb.o)
                0x1000434c                MXC_TMR_RevB_ConfigGeneric
 .text.MXC_TMR_RevB_Init
                0x10004434      0x16c D:/MaximSDK/Libraries/PeriphDrivers/bin/MAX78000/softfp/libPeriphDriver_softfp.a(tmr_revb.o)
                0x10004434                MXC_TMR_RevB_Init
 .text.MXC_TMR_RevB_Start
                0x100045a0       0x5c D:/MaximSDK/Libraries/PeriphDrivers/bin/MAX78000/softfp/libPeriphDriver_softfp.a(tmr_revb.o)
                0x100045a0                MXC_TMR_RevB_Start
 .text.MXC_TMR_RevB_Stop
                0x100045fc       0x58 D:/MaximSDK/Libraries/PeriphDrivers/bin/MAX78000/softfp/libPeriphDriver_softfp.a(tmr_revb.o)
                0x100045fc                MXC_TMR_RevB_Stop
 .text.MXC_TMR_RevB_ClearFlags
                0x10004654       0x58 D:/MaximSDK/Libraries/PeriphDrivers/bin/MAX78000/softfp/libPeriphDriver_softfp.a(tmr_revb.o)
                0x10004654                MXC_TMR_RevB_ClearFlags
 .text.MXC_TMR_RevB_SetCount
                0x100046ac       0x5c D:/MaximSDK/Libraries/PeriphDrivers/bin/MAX78000/softfp/libPeriphDriver_softfp.a(tmr_revb.o)
                0x100046ac                MXC_TMR_RevB_SetCount
 .text.MXC_TMR_RevB_TO_Start
                0x10004708       0xe4 D:/MaximSDK/Libraries/PeriphDrivers/bin/MAX78000/softfp/libPeriphDriver_softfp.a(tmr_revb.o)
                0x10004708                MXC_TMR_RevB_TO_Start
 .text.MXC_TMR_RevB_GetTime
                0x100047ec      0x148 D:/MaximSDK/Libraries/PeriphDrivers/bin/MAX78000/softfp/libPeriphDriver_softfp.a(tmr_revb.o)
                0x100047ec                MXC_TMR_RevB_GetTime
 .text.MXC_UART_Shutdown
                0x10004934       0x70 D:/MaximSDK/Libraries/PeriphDrivers/bin/MAX78000/softfp/libPeriphDriver_softfp.a(uart_ai85.o)
                0x10004934                MXC_UART_Shutdown
 .text.MXC_UART_Init
                0x100049a4       0xb8 D:/MaximSDK/Libraries/PeriphDrivers/bin/MAX78000/softfp/libPeriphDriver_softfp.a(uart_ai85.o)
                0x100049a4                MXC_UART_Init
 .text.MXC_UART_SetFrequency
                0x10004a5c       0xcc D:/MaximSDK/Libraries/PeriphDrivers/bin/MAX78000/softfp/libPeriphDriver_softfp.a(uart_ai85.o)
                0x10004a5c                MXC_UART_SetFrequency
 .text.MXC_UART_GetFrequency
                0x10004b28       0x54 D:/MaximSDK/Libraries/PeriphDrivers/bin/MAX78000/softfp/libPeriphDriver_softfp.a(uart_ai85.o)
                0x10004b28                MXC_UART_GetFrequency
 .text.MXC_UART_SetDataSize
                0x10004b7c        0x4 D:/MaximSDK/Libraries/PeriphDrivers/bin/MAX78000/softfp/libPeriphDriver_softfp.a(uart_ai85.o)
                0x10004b7c                MXC_UART_SetDataSize
 .text.MXC_UART_SetStopBits
                0x10004b80        0x4 D:/MaximSDK/Libraries/PeriphDrivers/bin/MAX78000/softfp/libPeriphDriver_softfp.a(uart_ai85.o)
                0x10004b80                MXC_UART_SetStopBits
 .text.MXC_UART_SetParity
                0x10004b84        0x4 D:/MaximSDK/Libraries/PeriphDrivers/bin/MAX78000/softfp/libPeriphDriver_softfp.a(uart_ai85.o)
                0x10004b84                MXC_UART_SetParity
 .text.MXC_UART_ReadCharacterRaw
                0x10004b88        0x4 D:/MaximSDK/Libraries/PeriphDrivers/bin/MAX78000/softfp/libPeriphDriver_softfp.a(uart_ai85.o)
                0x10004b88                MXC_UART_ReadCharacterRaw
 .text.MXC_UART_WriteCharacterRaw
                0x10004b8c        0x4 D:/MaximSDK/Libraries/PeriphDrivers/bin/MAX78000/softfp/libPeriphDriver_softfp.a(uart_ai85.o)
                0x10004b8c                MXC_UART_WriteCharacterRaw
 .text.MXC_UART_ReadCharacter
                0x10004b90        0x4 D:/MaximSDK/Libraries/PeriphDrivers/bin/MAX78000/softfp/libPeriphDriver_softfp.a(uart_ai85.o)
                0x10004b90                MXC_UART_ReadCharacter
 .text.MXC_UART_WriteCharacter
                0x10004b94        0x4 D:/MaximSDK/Libraries/PeriphDrivers/bin/MAX78000/softfp/libPeriphDriver_softfp.a(uart_ai85.o)
                0x10004b94                MXC_UART_WriteCharacter
 .text.MXC_UART_GetRXFIFOAvailable
                0x10004b98        0x4 D:/MaximSDK/Libraries/PeriphDrivers/bin/MAX78000/softfp/libPeriphDriver_softfp.a(uart_ai85.o)
                0x10004b98                MXC_UART_GetRXFIFOAvailable
 .text.MXC_UART_GetTXFIFOAvailable
                0x10004b9c        0x4 D:/MaximSDK/Libraries/PeriphDrivers/bin/MAX78000/softfp/libPeriphDriver_softfp.a(uart_ai85.o)
                0x10004b9c                MXC_UART_GetTXFIFOAvailable
 .text.MXC_UART_SetRXThreshold
                0x10004ba0        0x4 D:/MaximSDK/Libraries/PeriphDrivers/bin/MAX78000/softfp/libPeriphDriver_softfp.a(uart_ai85.o)
                0x10004ba0                MXC_UART_SetRXThreshold
 .text.MXC_UART_Common_ReadCharacter
                0x10004ba4       0x18 D:/MaximSDK/Libraries/PeriphDrivers/bin/MAX78000/softfp/libPeriphDriver_softfp.a(uart_common.o)
                0x10004ba4                MXC_UART_Common_ReadCharacter
 .text.MXC_UART_Common_WriteCharacter
                0x10004bbc       0x1c D:/MaximSDK/Libraries/PeriphDrivers/bin/MAX78000/softfp/libPeriphDriver_softfp.a(uart_common.o)
                0x10004bbc                MXC_UART_Common_WriteCharacter
 .text.MXC_UART_RevB_Init
                0x10004bd8       0xdc D:/MaximSDK/Libraries/PeriphDrivers/bin/MAX78000/softfp/libPeriphDriver_softfp.a(uart_revb.o)
                0x10004bd8                MXC_UART_RevB_Init
 .text.MXC_UART_RevB_SetFrequency
                0x10004cb4       0x74 D:/MaximSDK/Libraries/PeriphDrivers/bin/MAX78000/softfp/libPeriphDriver_softfp.a(uart_revb.o)
                0x10004cb4                MXC_UART_RevB_SetFrequency
 .text.MXC_UART_RevB_GetFrequency
                0x10004d28       0x54 D:/MaximSDK/Libraries/PeriphDrivers/bin/MAX78000/softfp/libPeriphDriver_softfp.a(uart_revb.o)
                0x10004d28                MXC_UART_RevB_GetFrequency
 .text.MXC_UART_RevB_SetDataSize
                0x10004d7c       0x20 D:/MaximSDK/Libraries/PeriphDrivers/bin/MAX78000/softfp/libPeriphDriver_softfp.a(uart_revb.o)
                0x10004d7c                MXC_UART_RevB_SetDataSize
 .text.MXC_UART_RevB_SetStopBits
                0x10004d9c       0x28 D:/MaximSDK/Libraries/PeriphDrivers/bin/MAX78000/softfp/libPeriphDriver_softfp.a(uart_revb.o)
                0x10004d9c                MXC_UART_RevB_SetStopBits
 .text.MXC_UART_RevB_SetParity
                0x10004dc4       0x94 D:/MaximSDK/Libraries/PeriphDrivers/bin/MAX78000/softfp/libPeriphDriver_softfp.a(uart_revb.o)
                0x10004dc4                MXC_UART_RevB_SetParity
 .text.MXC_UART_RevB_ReadCharacterRaw
                0x10004e58       0x10 D:/MaximSDK/Libraries/PeriphDrivers/bin/MAX78000/softfp/libPeriphDriver_softfp.a(uart_revb.o)
                0x10004e58                MXC_UART_RevB_ReadCharacterRaw
 .text.MXC_UART_RevB_WriteCharacterRaw
                0x10004e68       0x14 D:/MaximSDK/Libraries/PeriphDrivers/bin/MAX78000/softfp/libPeriphDriver_softfp.a(uart_revb.o)
                0x10004e68                MXC_UART_RevB_WriteCharacterRaw
 .text.MXC_UART_RevB_GetRXFIFOAvailable
                0x10004e7c        0x8 D:/MaximSDK/Libraries/PeriphDrivers/bin/MAX78000/softfp/libPeriphDriver_softfp.a(uart_revb.o)
                0x10004e7c                MXC_UART_RevB_GetRXFIFOAvailable
 .text.MXC_UART_RevB_GetTXFIFOAvailable
                0x10004e84        0xc D:/MaximSDK/Libraries/PeriphDrivers/bin/MAX78000/softfp/libPeriphDriver_softfp.a(uart_revb.o)
                0x10004e84                MXC_UART_RevB_GetTXFIFOAvailable
 .text.MXC_UART_RevB_SetRXThreshold
                0x10004e90       0x1c D:/MaximSDK/Libraries/PeriphDrivers/bin/MAX78000/softfp/libPeriphDriver_softfp.a(uart_revb.o)
                0x10004e90                MXC_UART_RevB_SetRXThreshold
 .text.MXC_GetLock
                0x10004eac       0x1c D:/MaximSDK/Libraries/PeriphDrivers/bin/MAX78000/softfp/libPeriphDriver_softfp.a(mxc_lock.o)
                0x10004eac                MXC_GetLock
 .text.MXC_FreeLock
                0x10004ec8        0xc D:/MaximSDK/Libraries/PeriphDrivers/bin/MAX78000/softfp/libPeriphDriver_softfp.a(mxc_lock.o)
                0x10004ec8                MXC_FreeLock
 .text.MXC_GPIO_Common_Init
                0x10004ed4       0x24 D:/MaximSDK/Libraries/PeriphDrivers/bin/MAX78000/softfp/libPeriphDriver_softfp.a(gpio_common.o)
                0x10004ed4                MXC_GPIO_Common_Init
 .text.MXC_GPIO_Common_Handler
                0x10004ef8       0x88 D:/MaximSDK/Libraries/PeriphDrivers/bin/MAX78000/softfp/libPeriphDriver_softfp.a(gpio_common.o)
                0x10004ef8                MXC_GPIO_Common_Handler
 .text.MXC_TMR_Common_TO_Stop
                0x10004f80       0x14 D:/MaximSDK/Libraries/PeriphDrivers/bin/MAX78000/softfp/libPeriphDriver_softfp.a(tmr_common.o)
                0x10004f80                MXC_TMR_Common_TO_Stop
 .text.MXC_TMR_Common_SW_Start
                0x10004f94        0x8 D:/MaximSDK/Libraries/PeriphDrivers/bin/MAX78000/softfp/libPeriphDriver_softfp.a(tmr_common.o)
                0x10004f94                MXC_TMR_Common_SW_Start
 .text.MXC_TMR_Common_SW_Stop
                0x10004f9c       0x14 D:/MaximSDK/Libraries/PeriphDrivers/bin/MAX78000/softfp/libPeriphDriver_softfp.a(tmr_common.o)
                0x10004f9c                MXC_TMR_Common_SW_Stop
 .text.MXC_TMR_Common_TO_Elapsed
                0x10004fb0       0x54 D:/MaximSDK/Libraries/PeriphDrivers/bin/MAX78000/softfp/libPeriphDriver_softfp.a(tmr_common.o)
                0x10004fb0                MXC_TMR_Common_TO_Elapsed
 .text.__errno  0x10005004        0xc d:/maximsdk/tools/gnutools/10.3/bin/../lib/gcc/arm-none-eabi/10.3.1/../../../../arm-none-eabi/lib/thumb/v7e-m+fp/softfp\libc.a(lib_a-errno.o)
                0x10005004                __errno
 .text.__libc_init_array
                0x10005010       0x48 d:/maximsdk/tools/gnutools/10.3/bin/../lib/gcc/arm-none-eabi/10.3.1/../../../../arm-none-eabi/lib/thumb/v7e-m+fp/softfp\libc.a(lib_a-init.o)
                0x10005010                __libc_init_array
 .text.malloc   0x10005058       0x10 d:/maximsdk/tools/gnutools/10.3/bin/../lib/gcc/arm-none-eabi/10.3.1/../../../../arm-none-eabi/lib/thumb/v7e-m+fp/softfp\libc.a(lib_a-malloc.o)
                0x10005058                malloc
 .text.free     0x10005068       0x10 d:/maximsdk/tools/gnutools/10.3/bin/../lib/gcc/arm-none-eabi/10.3.1/../../../../arm-none-eabi/lib/thumb/v7e-m+fp/softfp\libc.a(lib_a-malloc.o)
                0x10005068                free
 .text._malloc_r
                0x10005078      0x560 d:/maximsdk/tools/gnutools/10.3/bin/../lib/gcc/arm-none-eabi/10.3.1/../../../../arm-none-eabi/lib/thumb/v7e-m+fp/softfp\libc.a(lib_a-mallocr.o)
                0x10005078                _malloc_r
 .text          0x100055d8      0x134 d:/maximsdk/tools/gnutools/10.3/bin/../lib/gcc/arm-none-eabi/10.3.1/../../../../arm-none-eabi/lib/thumb/v7e-m+fp/softfp\libc.a(lib_a-memcpy.o)
                0x100055d8                memcpy
 .text.memset   0x1000570c       0xa4 d:/maximsdk/tools/gnutools/10.3/bin/../lib/gcc/arm-none-eabi/10.3.1/../../../../arm-none-eabi/lib/thumb/v7e-m+fp/softfp\libc.a(lib_a-memset.o)
                0x1000570c                memset
 .text.__malloc_lock
                0x100057b0        0xc d:/maximsdk/tools/gnutools/10.3/bin/../lib/gcc/arm-none-eabi/10.3.1/../../../../arm-none-eabi/lib/thumb/v7e-m+fp/softfp\libc.a(lib_a-mlock.o)
                0x100057b0                __malloc_lock
 .text.__malloc_unlock
                0x100057bc        0xc d:/maximsdk/tools/gnutools/10.3/bin/../lib/gcc/arm-none-eabi/10.3.1/../../../../arm-none-eabi/lib/thumb/v7e-m+fp/softfp\libc.a(lib_a-mlock.o)
                0x100057bc                __malloc_unlock
 .text.printf   0x100057c8       0x28 d:/maximsdk/tools/gnutools/10.3/bin/../lib/gcc/arm-none-eabi/10.3.1/../../../../arm-none-eabi/lib/thumb/v7e-m+fp/softfp\libc.a(lib_a-printf.o)
                0x100057c8                printf
 .text.putchar  0x100057f0       0x10 d:/maximsdk/tools/gnutools/10.3/bin/../lib/gcc/arm-none-eabi/10.3.1/../../../../arm-none-eabi/lib/thumb/v7e-m+fp/softfp\libc.a(lib_a-putchar.o)
                0x100057f0                putchar
 .text._puts_r  0x10005800       0x9c d:/maximsdk/tools/gnutools/10.3/bin/../lib/gcc/arm-none-eabi/10.3.1/../../../../arm-none-eabi/lib/thumb/v7e-m+fp/softfp\libc.a(lib_a-puts.o)
                0x10005800                _puts_r
 .text.puts     0x1000589c       0x10 d:/maximsdk/tools/gnutools/10.3/bin/../lib/gcc/arm-none-eabi/10.3.1/../../../../arm-none-eabi/lib/thumb/v7e-m+fp/softfp\libc.a(lib_a-puts.o)
                0x1000589c                puts
 .text._sbrk_r  0x100058ac       0x24 d:/maximsdk/tools/gnutools/10.3/bin/../lib/gcc/arm-none-eabi/10.3.1/../../../../arm-none-eabi/lib/thumb/v7e-m+fp/softfp\libc.a(lib_a-sbrkr.o)
                0x100058ac                _sbrk_r
 .text.snprintf
                0x100058d0       0x88 d:/maximsdk/tools/gnutools/10.3/bin/../lib/gcc/arm-none-eabi/10.3.1/../../../../arm-none-eabi/lib/thumb/v7e-m+fp/softfp\libc.a(lib_a-snprintf.o)
                0x100058d0                snprintf
 *fill*         0x10005958       0x28 
 .text          0x10005980       0xdc d:/maximsdk/tools/gnutools/10.3/bin/../lib/gcc/arm-none-eabi/10.3.1/../../../../arm-none-eabi/lib/thumb/v7e-m+fp/softfp\libc.a(lib_a-strlen.o)
                0x10005980                strlen
 *fill*         0x10005a5c        0x4 
 .text._svfprintf_r
                0x10005a60     0x1ac8 d:/maximsdk/tools/gnutools/10.3/bin/../lib/gcc/arm-none-eabi/10.3.1/../../../../arm-none-eabi/lib/thumb/v7e-m+fp/softfp\libc.a(lib_a-svfprintf.o)
                0x10005a60                _svfprintf_r
 .text._vfprintf_r
                0x10007528     0x1b8c d:/maximsdk/tools/gnutools/10.3/bin/../lib/gcc/arm-none-eabi/10.3.1/../../../../arm-none-eabi/lib/thumb/v7e-m+fp/softfp\libc.a(lib_a-vfprintf.o)
                0x10007528                _vfprintf_r
 .text.__sbprintf
                0x100090b4       0x80 d:/maximsdk/tools/gnutools/10.3/bin/../lib/gcc/arm-none-eabi/10.3.1/../../../../arm-none-eabi/lib/thumb/v7e-m+fp/softfp\libc.a(lib_a-vfprintf.o)
 .text.__swsetup_r
                0x10009134       0xd4 d:/maximsdk/tools/gnutools/10.3/bin/../lib/gcc/arm-none-eabi/10.3.1/../../../../arm-none-eabi/lib/thumb/v7e-m+fp/softfp\libc.a(lib_a-wsetup.o)
                0x10009134                __swsetup_r
 .text.startup.register_fini
                0x10009208       0x14 d:/maximsdk/tools/gnutools/10.3/bin/../lib/gcc/arm-none-eabi/10.3.1/../../../../arm-none-eabi/lib/thumb/v7e-m+fp/softfp\libc.a(lib_a-__call_atexit.o)
 .text.atexit   0x1000921c        0xc d:/maximsdk/tools/gnutools/10.3/bin/../lib/gcc/arm-none-eabi/10.3.1/../../../../arm-none-eabi/lib/thumb/v7e-m+fp/softfp\libc.a(lib_a-atexit.o)
                0x1000921c                atexit
 .text.quorem   0x10009228      0x128 d:/maximsdk/tools/gnutools/10.3/bin/../lib/gcc/arm-none-eabi/10.3.1/../../../../arm-none-eabi/lib/thumb/v7e-m+fp/softfp\libc.a(lib_a-dtoa.o)
 .text._dtoa_r  0x10009350      0xf34 d:/maximsdk/tools/gnutools/10.3/bin/../lib/gcc/arm-none-eabi/10.3.1/../../../../arm-none-eabi/lib/thumb/v7e-m+fp/softfp\libc.a(lib_a-dtoa.o)
                0x10009350                _dtoa_r
 .text.__sflush_r
                0x1000a284      0x130 d:/maximsdk/tools/gnutools/10.3/bin/../lib/gcc/arm-none-eabi/10.3.1/../../../../arm-none-eabi/lib/thumb/v7e-m+fp/softfp\libc.a(lib_a-fflush.o)
                0x1000a284                __sflush_r
 .text._fflush_r
                0x1000a3b4       0x5c d:/maximsdk/tools/gnutools/10.3/bin/../lib/gcc/arm-none-eabi/10.3.1/../../../../arm-none-eabi/lib/thumb/v7e-m+fp/softfp\libc.a(lib_a-fflush.o)
                0x1000a3b4                _fflush_r
 .text._cleanup_r
                0x1000a410        0xc d:/maximsdk/tools/gnutools/10.3/bin/../lib/gcc/arm-none-eabi/10.3.1/../../../../arm-none-eabi/lib/thumb/v7e-m+fp/softfp\libc.a(lib_a-findfp.o)
                0x1000a410                _cleanup_r
 .text.__sinit  0x1000a41c      0x10c d:/maximsdk/tools/gnutools/10.3/bin/../lib/gcc/arm-none-eabi/10.3.1/../../../../arm-none-eabi/lib/thumb/v7e-m+fp/softfp\libc.a(lib_a-findfp.o)
                0x1000a41c                __sinit
 .text.__sfp_lock_acquire
                0x1000a528        0xc d:/maximsdk/tools/gnutools/10.3/bin/../lib/gcc/arm-none-eabi/10.3.1/../../../../arm-none-eabi/lib/thumb/v7e-m+fp/softfp\libc.a(lib_a-findfp.o)
                0x1000a528                __sfp_lock_acquire
 .text.__sfp_lock_release
                0x1000a534        0xc d:/maximsdk/tools/gnutools/10.3/bin/../lib/gcc/arm-none-eabi/10.3.1/../../../../arm-none-eabi/lib/thumb/v7e-m+fp/softfp\libc.a(lib_a-findfp.o)
                0x1000a534                __sfp_lock_release
 .text.__libc_fini_array
                0x1000a540       0x2c d:/maximsdk/tools/gnutools/10.3/bin/../lib/gcc/arm-none-eabi/10.3.1/../../../../arm-none-eabi/lib/thumb/v7e-m+fp/softfp\libc.a(lib_a-fini.o)
                0x1000a540                __libc_fini_array
 .text._malloc_trim_r
                0x1000a56c       0xa0 d:/maximsdk/tools/gnutools/10.3/bin/../lib/gcc/arm-none-eabi/10.3.1/../../../../arm-none-eabi/lib/thumb/v7e-m+fp/softfp\libc.a(lib_a-freer.o)
                0x1000a56c                _malloc_trim_r
 .text._free_r  0x1000a60c      0x20c d:/maximsdk/tools/gnutools/10.3/bin/../lib/gcc/arm-none-eabi/10.3.1/../../../../arm-none-eabi/lib/thumb/v7e-m+fp/softfp\libc.a(lib_a-freer.o)
                0x1000a60c                _free_r
 .text.__sfvwrite_r
                0x1000a818      0x2f0 d:/maximsdk/tools/gnutools/10.3/bin/../lib/gcc/arm-none-eabi/10.3.1/../../../../arm-none-eabi/lib/thumb/v7e-m+fp/softfp\libc.a(lib_a-fvwrite.o)
                0x1000a818                __sfvwrite_r
 .text._fwalk_reent
                0x1000ab08       0x48 d:/maximsdk/tools/gnutools/10.3/bin/../lib/gcc/arm-none-eabi/10.3.1/../../../../arm-none-eabi/lib/thumb/v7e-m+fp/softfp\libc.a(lib_a-fwalk.o)
                0x1000ab08                _fwalk_reent
 .text._localeconv_r
                0x1000ab50        0x8 d:/maximsdk/tools/gnutools/10.3/bin/../lib/gcc/arm-none-eabi/10.3.1/../../../../arm-none-eabi/lib/thumb/v7e-m+fp/softfp\libc.a(lib_a-localeconv.o)
                0x1000ab50                _localeconv_r
 .text.__retarget_lock_init_recursive
                0x1000ab58        0x4 d:/maximsdk/tools/gnutools/10.3/bin/../lib/gcc/arm-none-eabi/10.3.1/../../../../arm-none-eabi/lib/thumb/v7e-m+fp/softfp\libc.a(lib_a-lock.o)
                0x1000ab58                __retarget_lock_init_recursive
 .text.__retarget_lock_close_recursive
                0x1000ab5c        0x4 d:/maximsdk/tools/gnutools/10.3/bin/../lib/gcc/arm-none-eabi/10.3.1/../../../../arm-none-eabi/lib/thumb/v7e-m+fp/softfp\libc.a(lib_a-lock.o)
                0x1000ab5c                __retarget_lock_close_recursive
 .text.__retarget_lock_acquire_recursive
                0x1000ab60        0x4 d:/maximsdk/tools/gnutools/10.3/bin/../lib/gcc/arm-none-eabi/10.3.1/../../../../arm-none-eabi/lib/thumb/v7e-m+fp/softfp\libc.a(lib_a-lock.o)
                0x1000ab60                __retarget_lock_acquire_recursive
 .text.__retarget_lock_release_recursive
                0x1000ab64        0x4 d:/maximsdk/tools/gnutools/10.3/bin/../lib/gcc/arm-none-eabi/10.3.1/../../../../arm-none-eabi/lib/thumb/v7e-m+fp/softfp\libc.a(lib_a-lock.o)
                0x1000ab64                __retarget_lock_release_recursive
 .text.__smakebuf_r
                0x1000ab68       0xe0 d:/maximsdk/tools/gnutools/10.3/bin/../lib/gcc/arm-none-eabi/10.3.1/../../../../arm-none-eabi/lib/thumb/v7e-m+fp/softfp\libc.a(lib_a-makebuf.o)
                0x1000ab68                __smakebuf_r
 *fill*         0x1000ac48        0x8 
 .text          0x1000ac50       0xa0 d:/maximsdk/tools/gnutools/10.3/bin/../lib/gcc/arm-none-eabi/10.3.1/../../../../arm-none-eabi/lib/thumb/v7e-m+fp/softfp\libc.a(lib_a-memchr.o)
                0x1000ac50                memchr
 .text.memmove  0x1000acf0       0xf8 d:/maximsdk/tools/gnutools/10.3/bin/../lib/gcc/arm-none-eabi/10.3.1/../../../../arm-none-eabi/lib/thumb/v7e-m+fp/softfp\libc.a(lib_a-memmove.o)
                0x1000acf0                memmove
 .text._Balloc  0x1000ade8       0x4c d:/maximsdk/tools/gnutools/10.3/bin/../lib/gcc/arm-none-eabi/10.3.1/../../../../arm-none-eabi/lib/thumb/v7e-m+fp/softfp\libc.a(lib_a-mprec.o)
                0x1000ade8                _Balloc
 .text._Bfree   0x1000ae34       0x14 d:/maximsdk/tools/gnutools/10.3/bin/../lib/gcc/arm-none-eabi/10.3.1/../../../../arm-none-eabi/lib/thumb/v7e-m+fp/softfp\libc.a(lib_a-mprec.o)
                0x1000ae34                _Bfree
 .text.__multadd
                0x1000ae48       0xa8 d:/maximsdk/tools/gnutools/10.3/bin/../lib/gcc/arm-none-eabi/10.3.1/../../../../arm-none-eabi/lib/thumb/v7e-m+fp/softfp\libc.a(lib_a-mprec.o)
                0x1000ae48                __multadd
 .text.__hi0bits
                0x1000aef0       0x40 d:/maximsdk/tools/gnutools/10.3/bin/../lib/gcc/arm-none-eabi/10.3.1/../../../../arm-none-eabi/lib/thumb/v7e-m+fp/softfp\libc.a(lib_a-mprec.o)
                0x1000aef0                __hi0bits
 .text.__lo0bits
                0x1000af30       0x60 d:/maximsdk/tools/gnutools/10.3/bin/../lib/gcc/arm-none-eabi/10.3.1/../../../../arm-none-eabi/lib/thumb/v7e-m+fp/softfp\libc.a(lib_a-mprec.o)
                0x1000af30                __lo0bits
 .text.__i2b    0x1000af90       0x5c d:/maximsdk/tools/gnutools/10.3/bin/../lib/gcc/arm-none-eabi/10.3.1/../../../../arm-none-eabi/lib/thumb/v7e-m+fp/softfp\libc.a(lib_a-mprec.o)
                0x1000af90                __i2b
 .text.__multiply
                0x1000afec      0x15c d:/maximsdk/tools/gnutools/10.3/bin/../lib/gcc/arm-none-eabi/10.3.1/../../../../arm-none-eabi/lib/thumb/v7e-m+fp/softfp\libc.a(lib_a-mprec.o)
                0x1000afec                __multiply
 .text.__pow5mult
                0x1000b148       0xc0 d:/maximsdk/tools/gnutools/10.3/bin/../lib/gcc/arm-none-eabi/10.3.1/../../../../arm-none-eabi/lib/thumb/v7e-m+fp/softfp\libc.a(lib_a-mprec.o)
                0x1000b148                __pow5mult
 .text.__lshift
                0x1000b208       0xf0 d:/maximsdk/tools/gnutools/10.3/bin/../lib/gcc/arm-none-eabi/10.3.1/../../../../arm-none-eabi/lib/thumb/v7e-m+fp/softfp\libc.a(lib_a-mprec.o)
                0x1000b208                __lshift
 .text.__mcmp   0x1000b2f8       0x44 d:/maximsdk/tools/gnutools/10.3/bin/../lib/gcc/arm-none-eabi/10.3.1/../../../../arm-none-eabi/lib/thumb/v7e-m+fp/softfp\libc.a(lib_a-mprec.o)
                0x1000b2f8                __mcmp
 .text.__mdiff  0x1000b33c      0x14c d:/maximsdk/tools/gnutools/10.3/bin/../lib/gcc/arm-none-eabi/10.3.1/../../../../arm-none-eabi/lib/thumb/v7e-m+fp/softfp\libc.a(lib_a-mprec.o)
                0x1000b33c                __mdiff
 .text.__d2b    0x1000b488       0xc4 d:/maximsdk/tools/gnutools/10.3/bin/../lib/gcc/arm-none-eabi/10.3.1/../../../../arm-none-eabi/lib/thumb/v7e-m+fp/softfp\libc.a(lib_a-mprec.o)
                0x1000b488                __d2b
 .text._putc_r  0x1000b54c       0x74 d:/maximsdk/tools/gnutools/10.3/bin/../lib/gcc/arm-none-eabi/10.3.1/../../../../arm-none-eabi/lib/thumb/v7e-m+fp/softfp\libc.a(lib_a-putc.o)
                0x1000b54c                _putc_r
 .text._realloc_r
                0x1000b5c0      0x3d8 d:/maximsdk/tools/gnutools/10.3/bin/../lib/gcc/arm-none-eabi/10.3.1/../../../../arm-none-eabi/lib/thumb/v7e-m+fp/softfp\libc.a(lib_a-reallocr.o)
                0x1000b5c0                _realloc_r
 .text.frexp    0x1000b998       0x70 d:/maximsdk/tools/gnutools/10.3/bin/../lib/gcc/arm-none-eabi/10.3.1/../../../../arm-none-eabi/lib/thumb/v7e-m+fp/softfp\libc.a(lib_a-s_frexp.o)
                0x1000b998                frexp
 .text.__sread  0x1000ba08       0x24 d:/maximsdk/tools/gnutools/10.3/bin/../lib/gcc/arm-none-eabi/10.3.1/../../../../arm-none-eabi/lib/thumb/v7e-m+fp/softfp\libc.a(lib_a-stdio.o)
                0x1000ba08                __sread
 .text.__swrite
                0x1000ba2c       0x40 d:/maximsdk/tools/gnutools/10.3/bin/../lib/gcc/arm-none-eabi/10.3.1/../../../../arm-none-eabi/lib/thumb/v7e-m+fp/softfp\libc.a(lib_a-stdio.o)
                0x1000ba2c                __swrite
 .text.__sseek  0x1000ba6c       0x20 d:/maximsdk/tools/gnutools/10.3/bin/../lib/gcc/arm-none-eabi/10.3.1/../../../../arm-none-eabi/lib/thumb/v7e-m+fp/softfp\libc.a(lib_a-stdio.o)
                0x1000ba6c                __sseek
 .text.__sclose
                0x1000ba8c        0x8 d:/maximsdk/tools/gnutools/10.3/bin/../lib/gcc/arm-none-eabi/10.3.1/../../../../arm-none-eabi/lib/thumb/v7e-m+fp/softfp\libc.a(lib_a-stdio.o)
                0x1000ba8c                __sclose
 .text.strncpy  0x1000ba94       0x64 d:/maximsdk/tools/gnutools/10.3/bin/../lib/gcc/arm-none-eabi/10.3.1/../../../../arm-none-eabi/lib/thumb/v7e-m+fp/softfp\libc.a(lib_a-strncpy.o)
                0x1000ba94                strncpy
 .text.__ssprint_r
                0x1000baf8       0xf8 d:/maximsdk/tools/gnutools/10.3/bin/../lib/gcc/arm-none-eabi/10.3.1/../../../../arm-none-eabi/lib/thumb/v7e-m+fp/softfp\libc.a(lib_a-svfiprintf.o)
                0x1000baf8                __ssprint_r
 .text.__sprint_r.part.0
                0x1000bbf0       0x78 d:/maximsdk/tools/gnutools/10.3/bin/../lib/gcc/arm-none-eabi/10.3.1/../../../../arm-none-eabi/lib/thumb/v7e-m+fp/softfp\libc.a(lib_a-vfiprintf.o)
 .text.__sprint_r
                0x1000bc68       0x18 d:/maximsdk/tools/gnutools/10.3/bin/../lib/gcc/arm-none-eabi/10.3.1/../../../../arm-none-eabi/lib/thumb/v7e-m+fp/softfp\libc.a(lib_a-vfiprintf.o)
                0x1000bc68                __sprint_r
 .text._vfiprintf_r
                0x1000bc80      0xdfc d:/maximsdk/tools/gnutools/10.3/bin/../lib/gcc/arm-none-eabi/10.3.1/../../../../arm-none-eabi/lib/thumb/v7e-m+fp/softfp\libc.a(lib_a-vfiprintf.o)
                0x1000bc80                _vfiprintf_r
 .text.__sbprintf
                0x1000ca7c       0x80 d:/maximsdk/tools/gnutools/10.3/bin/../lib/gcc/arm-none-eabi/10.3.1/../../../../arm-none-eabi/lib/thumb/v7e-m+fp/softfp\libc.a(lib_a-vfiprintf.o)
 .text.__swbuf_r
                0x1000cafc       0xb0 d:/maximsdk/tools/gnutools/10.3/bin/../lib/gcc/arm-none-eabi/10.3.1/../../../../arm-none-eabi/lib/thumb/v7e-m+fp/softfp\libc.a(lib_a-wbuf.o)
                0x1000cafc                __swbuf_r
 .text._write_r
                0x1000cbac       0x2c d:/maximsdk/tools/gnutools/10.3/bin/../lib/gcc/arm-none-eabi/10.3.1/../../../../arm-none-eabi/lib/thumb/v7e-m+fp/softfp\libc.a(lib_a-writer.o)
                0x1000cbac                _write_r
 .text.__register_exitproc
                0x1000cbd8       0x8c d:/maximsdk/tools/gnutools/10.3/bin/../lib/gcc/arm-none-eabi/10.3.1/../../../../arm-none-eabi/lib/thumb/v7e-m+fp/softfp\libc.a(lib_a-__atexit.o)
                0x1000cbd8                __register_exitproc
 .text.__assert_func
                0x1000cc64       0x40 d:/maximsdk/tools/gnutools/10.3/bin/../lib/gcc/arm-none-eabi/10.3.1/../../../../arm-none-eabi/lib/thumb/v7e-m+fp/softfp\libc.a(lib_a-assert.o)
                0x1000cc64                __assert_func
 .text._calloc_r
                0x1000cca4       0x78 d:/maximsdk/tools/gnutools/10.3/bin/../lib/gcc/arm-none-eabi/10.3.1/../../../../arm-none-eabi/lib/thumb/v7e-m+fp/softfp\libc.a(lib_a-callocr.o)
                0x1000cca4                _calloc_r
 .text._close_r
                0x1000cd1c       0x24 d:/maximsdk/tools/gnutools/10.3/bin/../lib/gcc/arm-none-eabi/10.3.1/../../../../arm-none-eabi/lib/thumb/v7e-m+fp/softfp\libc.a(lib_a-closer.o)
                0x1000cd1c                _close_r
 .text._fclose_r
                0x1000cd40       0xcc d:/maximsdk/tools/gnutools/10.3/bin/../lib/gcc/arm-none-eabi/10.3.1/../../../../arm-none-eabi/lib/thumb/v7e-m+fp/softfp\libc.a(lib_a-fclose.o)
                0x1000cd40                _fclose_r
 .text.fiprintf
                0x1000ce0c       0x28 d:/maximsdk/tools/gnutools/10.3/bin/../lib/gcc/arm-none-eabi/10.3.1/../../../../arm-none-eabi/lib/thumb/v7e-m+fp/softfp\libc.a(lib_a-fiprintf.o)
                0x1000ce0c                fiprintf
 .text.__fputwc
                0x1000ce34       0xa8 d:/maximsdk/tools/gnutools/10.3/bin/../lib/gcc/arm-none-eabi/10.3.1/../../../../arm-none-eabi/lib/thumb/v7e-m+fp/softfp\libc.a(lib_a-fputwc.o)
                0x1000ce34                __fputwc
 .text._fputwc_r
                0x1000cedc       0x68 d:/maximsdk/tools/gnutools/10.3/bin/../lib/gcc/arm-none-eabi/10.3.1/../../../../arm-none-eabi/lib/thumb/v7e-m+fp/softfp\libc.a(lib_a-fputwc.o)
                0x1000cedc                _fputwc_r
 .text._fstat_r
                0x1000cf44       0x2c d:/maximsdk/tools/gnutools/10.3/bin/../lib/gcc/arm-none-eabi/10.3.1/../../../../arm-none-eabi/lib/thumb/v7e-m+fp/softfp\libc.a(lib_a-fstatr.o)
                0x1000cf44                _fstat_r
 .text._isatty_r
                0x1000cf70       0x24 d:/maximsdk/tools/gnutools/10.3/bin/../lib/gcc/arm-none-eabi/10.3.1/../../../../arm-none-eabi/lib/thumb/v7e-m+fp/softfp\libc.a(lib_a-isattyr.o)
                0x1000cf70                _isatty_r
 .text.__locale_mb_cur_max
                0x1000cf94        0xc d:/maximsdk/tools/gnutools/10.3/bin/../lib/gcc/arm-none-eabi/10.3.1/../../../../arm-none-eabi/lib/thumb/v7e-m+fp/softfp\libc.a(lib_a-locale.o)
                0x1000cf94                __locale_mb_cur_max
 .text._lseek_r
                0x1000cfa0       0x2c d:/maximsdk/tools/gnutools/10.3/bin/../lib/gcc/arm-none-eabi/10.3.1/../../../../arm-none-eabi/lib/thumb/v7e-m+fp/softfp\libc.a(lib_a-lseekr.o)
                0x1000cfa0                _lseek_r
 .text.__ascii_mbtowc
                0x1000cfcc       0x2c d:/maximsdk/tools/gnutools/10.3/bin/../lib/gcc/arm-none-eabi/10.3.1/../../../../arm-none-eabi/lib/thumb/v7e-m+fp/softfp\libc.a(lib_a-mbtowc_r.o)
                0x1000cfcc                __ascii_mbtowc
 .text._read_r  0x1000cff8       0x2c d:/maximsdk/tools/gnutools/10.3/bin/../lib/gcc/arm-none-eabi/10.3.1/../../../../arm-none-eabi/lib/thumb/v7e-m+fp/softfp\libc.a(lib_a-readr.o)
                0x1000cff8                _read_r
 .text._wcrtomb_r
                0x1000d024       0x3c d:/maximsdk/tools/gnutools/10.3/bin/../lib/gcc/arm-none-eabi/10.3.1/../../../../arm-none-eabi/lib/thumb/v7e-m+fp/softfp\libc.a(lib_a-wcrtomb.o)
                0x1000d024                _wcrtomb_r
 .text.__ascii_wctomb
                0x1000d060       0x1c d:/maximsdk/tools/gnutools/10.3/bin/../lib/gcc/arm-none-eabi/10.3.1/../../../../arm-none-eabi/lib/thumb/v7e-m+fp/softfp\libc.a(lib_a-wctomb_r.o)
                0x1000d060                __ascii_wctomb
 .text.abort    0x1000d07c       0x10 d:/maximsdk/tools/gnutools/10.3/bin/../lib/gcc/arm-none-eabi/10.3.1/../../../../arm-none-eabi/lib/thumb/v7e-m+fp/softfp\libc.a(lib_a-abort.o)
                0x1000d07c                abort
 .text.raise    0x1000d08c       0x5c d:/maximsdk/tools/gnutools/10.3/bin/../lib/gcc/arm-none-eabi/10.3.1/../../../../arm-none-eabi/lib/thumb/v7e-m+fp/softfp\libc.a(lib_a-signal.o)
                0x1000d08c                raise
 .text._kill_r  0x1000d0e8       0x2c d:/maximsdk/tools/gnutools/10.3/bin/../lib/gcc/arm-none-eabi/10.3.1/../../../../arm-none-eabi/lib/thumb/v7e-m+fp/softfp\libc.a(lib_a-signalr.o)
                0x1000d0e8                _kill_r
 .text._getpid_r
                0x1000d114        0x4 d:/maximsdk/tools/gnutools/10.3/bin/../lib/gcc/arm-none-eabi/10.3.1/../../../../arm-none-eabi/lib/thumb/v7e-m+fp/softfp\libc.a(lib_a-signalr.o)
                0x1000d114                _getpid_r
 .text._exit    0x1000d118        0x4 d:/maximsdk/tools/gnutools/10.3/bin/../lib/gcc/arm-none-eabi/10.3.1/../../../../arm-none-eabi/lib/thumb/v7e-m+fp/softfp\libnosys.a(_exit.o)
                0x1000d118                _exit
 .text          0x1000d11c      0x378 d:/maximsdk/tools/gnutools/10.3/bin/../lib/gcc/arm-none-eabi/10.3.1/thumb/v7e-m+fp/softfp\libgcc.a(_arm_addsubdf3.o)
                0x1000d11c                __aeabi_drsub
                0x1000d124                __aeabi_dsub
                0x1000d124                __subdf3
                0x1000d128                __aeabi_dadd
                0x1000d128                __adddf3
                0x1000d3a0                __floatunsidf
                0x1000d3a0                __aeabi_ui2d
                0x1000d3c0                __floatsidf
                0x1000d3c0                __aeabi_i2d
                0x1000d3e4                __aeabi_f2d
                0x1000d3e4                __extendsfdf2
                0x1000d428                __floatundidf
                0x1000d428                __aeabi_ul2d
                0x1000d438                __floatdidf
                0x1000d438                __aeabi_l2d
 .text          0x1000d494      0x424 d:/maximsdk/tools/gnutools/10.3/bin/../lib/gcc/arm-none-eabi/10.3.1/thumb/v7e-m+fp/softfp\libgcc.a(_arm_muldivdf3.o)
                0x1000d494                __aeabi_dmul
                0x1000d494                __muldf3
                0x1000d6e8                __divdf3
                0x1000d6e8                __aeabi_ddiv
 .text          0x1000d8b8      0x110 d:/maximsdk/tools/gnutools/10.3/bin/../lib/gcc/arm-none-eabi/10.3.1/thumb/v7e-m+fp/softfp\libgcc.a(_arm_cmpdf2.o)
                0x1000d8b8                __gtdf2
                0x1000d8b8                __gedf2
                0x1000d8c0                __ltdf2
                0x1000d8c0                __ledf2
                0x1000d8c8                __nedf2
                0x1000d8c8                __eqdf2
                0x1000d8c8                __cmpdf2
                0x1000d944                __aeabi_cdrcmple
                0x1000d954                __aeabi_cdcmpeq
                0x1000d954                __aeabi_cdcmple
                0x1000d964                __aeabi_dcmpeq
                0x1000d978                __aeabi_dcmplt
                0x1000d98c                __aeabi_dcmple
                0x1000d9a0                __aeabi_dcmpge
                0x1000d9b4                __aeabi_dcmpgt
 .text          0x1000d9c8       0x2c d:/maximsdk/tools/gnutools/10.3/bin/../lib/gcc/arm-none-eabi/10.3.1/thumb/v7e-m+fp/softfp\libgcc.a(_arm_unorddf2.o)
                0x1000d9c8                __unorddf2
                0x1000d9c8                __aeabi_dcmpun
 .text          0x1000d9f4       0x50 d:/maximsdk/tools/gnutools/10.3/bin/../lib/gcc/arm-none-eabi/10.3.1/thumb/v7e-m+fp/softfp\libgcc.a(_arm_fixdfsi.o)
                0x1000d9f4                __aeabi_d2iz
                0x1000d9f4                __fixdfsi
 .text          0x1000da44       0xa0 d:/maximsdk/tools/gnutools/10.3/bin/../lib/gcc/arm-none-eabi/10.3.1/thumb/v7e-m+fp/softfp\libgcc.a(_aeabi_ldivmod.o)
                0x1000da44                __aeabi_ldivmod
 .text          0x1000dae4       0x30 d:/maximsdk/tools/gnutools/10.3/bin/../lib/gcc/arm-none-eabi/10.3.1/thumb/v7e-m+fp/softfp\libgcc.a(_aeabi_uldivmod.o)
                0x1000dae4                __aeabi_uldivmod
 .text          0x1000db14      0x2d0 d:/maximsdk/tools/gnutools/10.3/bin/../lib/gcc/arm-none-eabi/10.3.1/thumb/v7e-m+fp/softfp\libgcc.a(_udivmoddi4.o)
                0x1000db14                __udivmoddi4
 .text          0x1000dde4        0x4 d:/maximsdk/tools/gnutools/10.3/bin/../lib/gcc/arm-none-eabi/10.3.1/thumb/v7e-m+fp/softfp\libgcc.a(_dvmd_tls.o)
                0x1000dde4                __aeabi_idiv0
                0x1000dde4                __aeabi_ldiv0
 *(.rodata*)
 .rodata.kernels
                0x1000dde8     0xe534 d:/MaximSDK/Examples/MAX78000/CNN/cats-dogs/build/cnn.o
 .rodata.capture_process_camera.str1.4
                0x1001c31c       0x22 d:/MaximSDK/Examples/MAX78000/CNN/cats-dogs/build/main.o
 *fill*         0x1001c33e        0x2 
 .rodata.main.str1.4
                0x1001c340      0x186 d:/MaximSDK/Examples/MAX78000/CNN/cats-dogs/build/main.o
 *fill*         0x1001c4c6        0x2 
 .rodata.str1.4
                0x1001c4c8        0xa d:/MaximSDK/Examples/MAX78000/CNN/cats-dogs/build/main.o
 *fill*         0x1001c4d2        0x2 
 .rodata.mxc_assert.str1.4
                0x1001c4d4       0x19 d:/MaximSDK/Examples/MAX78000/CNN/cats-dogs/build/board.o
 *fill*         0x1001c4ed        0x3 
 .rodata.Board_Init.str1.4
                0x1001c4f0       0x45 d:/MaximSDK/Examples/MAX78000/CNN/cats-dogs/build/board.o
 *fill*         0x1001c535        0x3 
 .rodata.led_pin
                0x1001c538       0x24 d:/MaximSDK/Examples/MAX78000/CNN/cats-dogs/build/board.o
                0x1001c538                led_pin
 .rodata.num_leds
                0x1001c55c        0x4 d:/MaximSDK/Examples/MAX78000/CNN/cats-dogs/build/board.o
                0x1001c55c                num_leds
 .rodata.num_pbs
                0x1001c560        0x4 d:/MaximSDK/Examples/MAX78000/CNN/cats-dogs/build/board.o
                0x1001c560                num_pbs
 .rodata.pb_pin
                0x1001c564       0x18 d:/MaximSDK/Examples/MAX78000/CNN/cats-dogs/build/board.o
                0x1001c564                pb_pin
 .rodata.LED_On.str1.4
                0x1001c57c       0x3b d:/MaximSDK/Examples/MAX78000/CNN/cats-dogs/build/led.o
 *fill*         0x1001c5b7        0x1 
 .rodata.PB_IntEnable.str1.4
                0x1001c5b8       0x41 d:/MaximSDK/Examples/MAX78000/CNN/cats-dogs/build/pb.o
 *fill*         0x1001c5f9        0x3 
 .rodata.camera_setup.str1.4
                0x1001c5fc       0x1b d:/MaximSDK/Examples/MAX78000/CNN/cats-dogs/build/camera.o
 *fill*         0x1001c617        0x1 
 .rodata.dump_registers.str1.4
                0x1001c618       0x12 d:/MaximSDK/Examples/MAX78000/CNN/cats-dogs/build/ov7692.o
 *fill*         0x1001c62a        0x2 
 .rodata.default_regs
                0x1001c62c       0x5e d:/MaximSDK/Examples/MAX78000/CNN/cats-dogs/build/ov7692.o
 *fill*         0x1001c68a        0x2 
 .rodata.gpio_cfg_scl
                0x1001c68c        0xc d:/MaximSDK/Examples/MAX78000/CNN/cats-dogs/build/sccb.o
 .rodata.gpio_cfg_sda
                0x1001c698        0xc d:/MaximSDK/Examples/MAX78000/CNN/cats-dogs/build/sccb.o
 .rodata.gpio_cfg_extclk
                0x1001c6a4        0xc D:/MaximSDK/Libraries/PeriphDrivers/bin/MAX78000/softfp/libPeriphDriver_softfp.a(pins_ai85.o)
                0x1001c6a4                gpio_cfg_extclk
 .rodata.gpio_cfg_i2c0
                0x1001c6b0        0xc D:/MaximSDK/Libraries/PeriphDrivers/bin/MAX78000/softfp/libPeriphDriver_softfp.a(pins_ai85.o)
                0x1001c6b0                gpio_cfg_i2c0
 .rodata.gpio_cfg_i2c1
                0x1001c6bc        0xc D:/MaximSDK/Libraries/PeriphDrivers/bin/MAX78000/softfp/libPeriphDriver_softfp.a(pins_ai85.o)
                0x1001c6bc                gpio_cfg_i2c1
 .rodata.gpio_cfg_i2c2
                0x1001c6c8        0xc D:/MaximSDK/Libraries/PeriphDrivers/bin/MAX78000/softfp/libPeriphDriver_softfp.a(pins_ai85.o)
                0x1001c6c8                gpio_cfg_i2c2
 .rodata.gpio_cfg_pcif_P0_BITS_0_7
                0x1001c6d4        0xc D:/MaximSDK/Libraries/PeriphDrivers/bin/MAX78000/softfp/libPeriphDriver_softfp.a(pins_ai85.o)
                0x1001c6d4                gpio_cfg_pcif_P0_BITS_0_7
 .rodata.gpio_cfg_pcif_P0_BITS_8_9
                0x1001c6e0        0xc D:/MaximSDK/Libraries/PeriphDrivers/bin/MAX78000/softfp/libPeriphDriver_softfp.a(pins_ai85.o)
                0x1001c6e0                gpio_cfg_pcif_P0_BITS_8_9
 .rodata.gpio_cfg_pcif_P1_BITS_10_11
                0x1001c6ec        0xc D:/MaximSDK/Libraries/PeriphDrivers/bin/MAX78000/softfp/libPeriphDriver_softfp.a(pins_ai85.o)
                0x1001c6ec                gpio_cfg_pcif_P1_BITS_10_11
 .rodata.gpio_cfg_pcif_hsync
                0x1001c6f8        0xc D:/MaximSDK/Libraries/PeriphDrivers/bin/MAX78000/softfp/libPeriphDriver_softfp.a(pins_ai85.o)
                0x1001c6f8                gpio_cfg_pcif_hsync
 .rodata.gpio_cfg_pcif_vsync
                0x1001c704        0xc D:/MaximSDK/Libraries/PeriphDrivers/bin/MAX78000/softfp/libPeriphDriver_softfp.a(pins_ai85.o)
                0x1001c704                gpio_cfg_pcif_vsync
 .rodata.gpio_cfg_pcif_xclk
                0x1001c710        0xc D:/MaximSDK/Libraries/PeriphDrivers/bin/MAX78000/softfp/libPeriphDriver_softfp.a(pins_ai85.o)
                0x1001c710                gpio_cfg_pcif_xclk
 .rodata.gpio_cfg_pt0
                0x1001c71c        0xc D:/MaximSDK/Libraries/PeriphDrivers/bin/MAX78000/softfp/libPeriphDriver_softfp.a(pins_ai85.o)
                0x1001c71c                gpio_cfg_pt0
 .rodata.gpio_cfg_pt1
                0x1001c728        0xc D:/MaximSDK/Libraries/PeriphDrivers/bin/MAX78000/softfp/libPeriphDriver_softfp.a(pins_ai85.o)
                0x1001c728                gpio_cfg_pt1
 .rodata.gpio_cfg_pt2
                0x1001c734        0xc D:/MaximSDK/Libraries/PeriphDrivers/bin/MAX78000/softfp/libPeriphDriver_softfp.a(pins_ai85.o)
                0x1001c734                gpio_cfg_pt2
 .rodata.gpio_cfg_pt3
                0x1001c740        0xc D:/MaximSDK/Libraries/PeriphDrivers/bin/MAX78000/softfp/libPeriphDriver_softfp.a(pins_ai85.o)
                0x1001c740                gpio_cfg_pt3
 .rodata.gpio_cfg_tmr0
                0x1001c74c        0xc D:/MaximSDK/Libraries/PeriphDrivers/bin/MAX78000/softfp/libPeriphDriver_softfp.a(pins_ai85.o)
                0x1001c74c                gpio_cfg_tmr0
 .rodata.gpio_cfg_tmr0b
                0x1001c758        0xc D:/MaximSDK/Libraries/PeriphDrivers/bin/MAX78000/softfp/libPeriphDriver_softfp.a(pins_ai85.o)
                0x1001c758                gpio_cfg_tmr0b
 .rodata.gpio_cfg_tmr1
                0x1001c764        0xc D:/MaximSDK/Libraries/PeriphDrivers/bin/MAX78000/softfp/libPeriphDriver_softfp.a(pins_ai85.o)
                0x1001c764                gpio_cfg_tmr1
 .rodata.gpio_cfg_tmr1b
                0x1001c770        0xc D:/MaximSDK/Libraries/PeriphDrivers/bin/MAX78000/softfp/libPeriphDriver_softfp.a(pins_ai85.o)
                0x1001c770                gpio_cfg_tmr1b
 .rodata.gpio_cfg_tmr2
                0x1001c77c        0xc D:/MaximSDK/Libraries/PeriphDrivers/bin/MAX78000/softfp/libPeriphDriver_softfp.a(pins_ai85.o)
                0x1001c77c                gpio_cfg_tmr2
 .rodata.gpio_cfg_tmr2b
                0x1001c788        0xc D:/MaximSDK/Libraries/PeriphDrivers/bin/MAX78000/softfp/libPeriphDriver_softfp.a(pins_ai85.o)
                0x1001c788                gpio_cfg_tmr2b
 .rodata.gpio_cfg_tmr3
                0x1001c794        0xc D:/MaximSDK/Libraries/PeriphDrivers/bin/MAX78000/softfp/libPeriphDriver_softfp.a(pins_ai85.o)
                0x1001c794                gpio_cfg_tmr3
 .rodata.gpio_cfg_tmr3b
                0x1001c7a0        0xc D:/MaximSDK/Libraries/PeriphDrivers/bin/MAX78000/softfp/libPeriphDriver_softfp.a(pins_ai85.o)
                0x1001c7a0                gpio_cfg_tmr3b
 .rodata.gpio_cfg_tmr4
                0x1001c7ac        0xc D:/MaximSDK/Libraries/PeriphDrivers/bin/MAX78000/softfp/libPeriphDriver_softfp.a(pins_ai85.o)
                0x1001c7ac                gpio_cfg_tmr4
 .rodata.gpio_cfg_tmr5
                0x1001c7b8        0xc D:/MaximSDK/Libraries/PeriphDrivers/bin/MAX78000/softfp/libPeriphDriver_softfp.a(pins_ai85.o)
                0x1001c7b8                gpio_cfg_tmr5
 .rodata.gpio_cfg_uart0
                0x1001c7c4        0xc D:/MaximSDK/Libraries/PeriphDrivers/bin/MAX78000/softfp/libPeriphDriver_softfp.a(pins_ai85.o)
                0x1001c7c4                gpio_cfg_uart0
 .rodata.gpio_cfg_uart1
                0x1001c7d0        0xc D:/MaximSDK/Libraries/PeriphDrivers/bin/MAX78000/softfp/libPeriphDriver_softfp.a(pins_ai85.o)
                0x1001c7d0                gpio_cfg_uart1
 .rodata.gpio_cfg_uart2
                0x1001c7dc        0xc D:/MaximSDK/Libraries/PeriphDrivers/bin/MAX78000/softfp/libPeriphDriver_softfp.a(pins_ai85.o)
                0x1001c7dc                gpio_cfg_uart2
 .rodata.gpio_cfg_uart3
                0x1001c7e8        0xc D:/MaximSDK/Libraries/PeriphDrivers/bin/MAX78000/softfp/libPeriphDriver_softfp.a(pins_ai85.o)
                0x1001c7e8                gpio_cfg_uart3
 .rodata.MXC_DMA_RevA_Init.str1.4
                0x1001c7f4       0x51 D:/MaximSDK/Libraries/PeriphDrivers/bin/MAX78000/softfp/libPeriphDriver_softfp.a(dma_reva.o)
 *fill*         0x1001c845        0x3 
 .rodata.MXC_PT_Init.str1.4
                0x1001c848       0x55 D:/MaximSDK/Libraries/PeriphDrivers/bin/MAX78000/softfp/libPeriphDriver_softfp.a(pt_ai85.o)
 *fill*         0x1001c89d        0x3 
 .rodata.MXC_PT_RevA_Config.str1.4
                0x1001c8a0       0x51 D:/MaximSDK/Libraries/PeriphDrivers/bin/MAX78000/softfp/libPeriphDriver_softfp.a(pt_reva.o)
 *fill*         0x1001c8f1        0x3 
 .rodata.MXC_TMR_Init.str1.4
                0x1001c8f4       0x50 D:/MaximSDK/Libraries/PeriphDrivers/bin/MAX78000/softfp/libPeriphDriver_softfp.a(tmr_ai85.o)
 .rodata.MXC_TMR_RevB_SetClockSourceFreq.str1.4
                0x1001c944       0x43 D:/MaximSDK/Libraries/PeriphDrivers/bin/MAX78000/softfp/libPeriphDriver_softfp.a(tmr_revb.o)
                                 0x50 (size before relaxing)
 *fill*         0x1001c987        0x1 
 .rodata.MXC_UART_RevB_Init.str1.4
                0x1001c988       0x77 D:/MaximSDK/Libraries/PeriphDrivers/bin/MAX78000/softfp/libPeriphDriver_softfp.a(uart_revb.o)
 *fill*         0x1001c9ff        0x1 
 .rodata.MXC_GPIO_Common_Handler.str1.4
                0x1001ca00       0x66 D:/MaximSDK/Libraries/PeriphDrivers/bin/MAX78000/softfp/libPeriphDriver_softfp.a(gpio_common.o)
 *fill*         0x1001ca66        0x2 
 .rodata._global_impure_ptr
                0x1001ca68        0x4 d:/maximsdk/tools/gnutools/10.3/bin/../lib/gcc/arm-none-eabi/10.3.1/../../../../arm-none-eabi/lib/thumb/v7e-m+fp/softfp\libc.a(lib_a-impure.o)
                0x1001ca68                _global_impure_ptr
 .rodata._puts_r.str1.4
                0x1001ca6c       0x66 d:/maximsdk/tools/gnutools/10.3/bin/../lib/gcc/arm-none-eabi/10.3.1/../../../../arm-none-eabi/lib/thumb/v7e-m+fp/softfp\libc.a(lib_a-puts.o)
                                  0x2 (size before relaxing)
 .rodata._svfprintf_r.str1.4
                0x1001ca6c       0x42 d:/maximsdk/tools/gnutools/10.3/bin/../lib/gcc/arm-none-eabi/10.3.1/../../../../arm-none-eabi/lib/thumb/v7e-m+fp/softfp\libc.a(lib_a-svfprintf.o)
 *fill*         0x1001caae        0x2 
 .rodata.blanks.1
                0x1001cab0       0x10 d:/maximsdk/tools/gnutools/10.3/bin/../lib/gcc/arm-none-eabi/10.3.1/../../../../arm-none-eabi/lib/thumb/v7e-m+fp/softfp\libc.a(lib_a-svfprintf.o)
 .rodata.zeroes.0
                0x1001cac0       0x10 d:/maximsdk/tools/gnutools/10.3/bin/../lib/gcc/arm-none-eabi/10.3.1/../../../../arm-none-eabi/lib/thumb/v7e-m+fp/softfp\libc.a(lib_a-svfprintf.o)
 .rodata._vfprintf_r.str1.4
                0x1001cad0       0x42 d:/maximsdk/tools/gnutools/10.3/bin/../lib/gcc/arm-none-eabi/10.3.1/../../../../arm-none-eabi/lib/thumb/v7e-m+fp/softfp\libc.a(lib_a-vfprintf.o)
 .rodata.blanks.1
                0x1001cad0       0x10 d:/maximsdk/tools/gnutools/10.3/bin/../lib/gcc/arm-none-eabi/10.3.1/../../../../arm-none-eabi/lib/thumb/v7e-m+fp/softfp\libc.a(lib_a-vfprintf.o)
 .rodata.zeroes.0
                0x1001cae0       0x10 d:/maximsdk/tools/gnutools/10.3/bin/../lib/gcc/arm-none-eabi/10.3.1/../../../../arm-none-eabi/lib/thumb/v7e-m+fp/softfp\libc.a(lib_a-vfprintf.o)
 .rodata._dtoa_r.str1.4
                0x1001caf0       0xa2 d:/maximsdk/tools/gnutools/10.3/bin/../lib/gcc/arm-none-eabi/10.3.1/../../../../arm-none-eabi/lib/thumb/v7e-m+fp/softfp\libc.a(lib_a-dtoa.o)
                                 0xa6 (size before relaxing)
 *fill*         0x1001cb92        0x2 
 .rodata.__multadd.str1.4
                0x1001cb94       0x7f d:/maximsdk/tools/gnutools/10.3/bin/../lib/gcc/arm-none-eabi/10.3.1/../../../../arm-none-eabi/lib/thumb/v7e-m+fp/softfp\libc.a(lib_a-mprec.o)
                                 0x93 (size before relaxing)
 *fill*         0x1001cc13        0x5 
 .rodata.__mprec_bigtens
                0x1001cc18       0x28 d:/maximsdk/tools/gnutools/10.3/bin/../lib/gcc/arm-none-eabi/10.3.1/../../../../arm-none-eabi/lib/thumb/v7e-m+fp/softfp\libc.a(lib_a-mprec.o)
                0x1001cc18                __mprec_bigtens
 .rodata.__mprec_tens
                0x1001cc40       0xc8 d:/maximsdk/tools/gnutools/10.3/bin/../lib/gcc/arm-none-eabi/10.3.1/../../../../arm-none-eabi/lib/thumb/v7e-m+fp/softfp\libc.a(lib_a-mprec.o)
                0x1001cc40                __mprec_tens
 .rodata.p05.0  0x1001cd08        0xc d:/maximsdk/tools/gnutools/10.3/bin/../lib/gcc/arm-none-eabi/10.3.1/../../../../arm-none-eabi/lib/thumb/v7e-m+fp/softfp\libc.a(lib_a-mprec.o)
 .rodata._vfiprintf_r.str1.4
                0x1001cd14       0x2f d:/maximsdk/tools/gnutools/10.3/bin/../lib/gcc/arm-none-eabi/10.3.1/../../../../arm-none-eabi/lib/thumb/v7e-m+fp/softfp\libc.a(lib_a-vfiprintf.o)
 .rodata.blanks.1
                0x1001cd14       0x10 d:/maximsdk/tools/gnutools/10.3/bin/../lib/gcc/arm-none-eabi/10.3.1/../../../../arm-none-eabi/lib/thumb/v7e-m+fp/softfp\libc.a(lib_a-vfiprintf.o)
 .rodata.zeroes.0
                0x1001cd24       0x10 d:/maximsdk/tools/gnutools/10.3/bin/../lib/gcc/arm-none-eabi/10.3.1/../../../../arm-none-eabi/lib/thumb/v7e-m+fp/softfp\libc.a(lib_a-vfiprintf.o)
 .rodata.__assert_func.str1.4
                0x1001cd34       0x3f d:/maximsdk/tools/gnutools/10.3/bin/../lib/gcc/arm-none-eabi/10.3.1/../../../../arm-none-eabi/lib/thumb/v7e-m+fp/softfp\libc.a(lib_a-assert.o)
                                 0x43 (size before relaxing)
 *fill*         0x1001cd73        0x1 
 .rodata._setlocale_r.str1.4
                0x1001cd74        0xa d:/maximsdk/tools/gnutools/10.3/bin/../lib/gcc/arm-none-eabi/10.3.1/../../../../arm-none-eabi/lib/thumb/v7e-m+fp/softfp\libc.a(lib_a-locale.o)
                                  0xd (size before relaxing)
 .rodata.str1.4